READ: Worksheet: 'CoverPage', Cell 'B29', Converting to a String
READ: Worksheet: 'CoverPage', Cell 'B4', Converting to a String
WRITE: Worksheet: 'CoverPage', Cell 'B3', Value ''
WRITE: Worksheet: 'CoverPage', Cell 'B4', Value 'CBC401'
WRITE: Worksheet: 'CoverPage', Cell 'B2', Value 'ZA2020-9825178719-edae20f6-c33f-44d4-bf94-1a6367bc45a3'
READ: Worksheet: 'CoverPage', Cell 'B17', Converting to a String
WRITE: Worksheet: 'CoverPage', Cell 'B19', Value ''
WRITE: Worksheet: 'CoverPage', Cell 'B18', Value 'ZA2020-9825178719-cf8b7cee-7462-4b33-8be9-494c4709c415'
READ: Worksheet: 'SUMMARY', Cell 'A2', Converting to a String
READ: Worksheet: 'SUMMARY', Cell 'M2', Converting to a String
WRITE: Worksheet: 'SUMMARY', Cell 'O2', Value ''
WRITE: Worksheet: 'SUMMARY', Cell 'N2', Value 'ZA2020-9825178719-c5cb14de-a83d-443a-a0f1-529596fffea9'
READ: Worksheet: 'SUMMARY', Cell 'A3', Converting to a String
READ: Worksheet: 'SUMMARY', Cell 'M3', Converting to a String
WRITE: Worksheet: 'SUMMARY', Cell 'O3', Value ''
WRITE: Worksheet: 'SUMMARY', Cell 'N3', Value 'ZA2020-9825178719-66ce4220-7701-40d3-b111-ef271390d9d9'
READ: Worksheet: 'SUMMARY', Cell 'A4', Converting to a String
READ: Worksheet: 'SUMMARY', Cell 'M4', Converting to a String
WRITE: Worksheet: 'SUMMARY', Cell 'O4', Value ''
WRITE: Worksheet: 'SUMMARY', Cell 'N4', Value 'ZA2020-9825178719-df8a709a-86aa-4093-823e-ae2855c24778'
READ: Worksheet: 'SUMMARY', Cell 'A5', Converting to a String
READ: Worksheet: 'SUMMARY', Cell 'M5', Converting to a String
WRITE: Worksheet: 'SUMMARY', Cell 'O5', Value ''
WRITE: Worksheet: 'SUMMARY', Cell 'N5', Value 'ZA2020-9825178719-64fd40d1-8c06-4b5e-87e9-6678998bd407'
READ: Worksheet: 'SUMMARY', Cell 'A6', Converting to a String
READ: Worksheet: 'SUMMARY', Cell 'M6', Converting to a String
WRITE: Worksheet: 'SUMMARY', Cell 'O6', Value ''
WRITE: Worksheet: 'SUMMARY', Cell 'N6', Value 'ZA2020-9825178719-42a4e5f1-046e-48ae-b3e7-629d1773c63a'
READ: Worksheet: 'SUMMARY', Cell 'A7', Converting to a String
READ: Worksheet: 'SUMMARY', Cell 'M7', Converting to a String
WRITE: Worksheet: 'SUMMARY', Cell 'O7', Value ''
WRITE: Worksheet: 'SUMMARY', Cell 'N7', Value 'ZA2020-9825178719-21458090-dd69-4b5e-bf87-c447c7a1af08'
READ: Worksheet: 'SUMMARY', Cell 'A8', Converting to a String
READ: Worksheet: 'SUMMARY', Cell 'M8', Converting to a String
WRITE: Worksheet: 'SUMMARY', Cell 'O8', Value ''
WRITE: Worksheet: 'SUMMARY', Cell 'N8', Value 'ZA2020-9825178719-e3285eef-8adc-489c-bf0f-1d120f60e79c'
READ: Worksheet: 'SUMMARY', Cell 'A9', Converting to a String
READ: Worksheet: 'SUMMARY', Cell 'M9', Converting to a String
WRITE: Worksheet: 'SUMMARY', Cell 'O9', Value ''
WRITE: Worksheet: 'SUMMARY', Cell 'N9', Value 'ZA2020-9825178719-0446c317-35d8-4af2-a315-ec947088ced3'
READ: Worksheet: 'SUMMARY', Cell 'A10', Converting to a String
READ: Worksheet: 'SUMMARY', Cell 'M10', Converting to a String
WRITE: Worksheet: 'SUMMARY', Cell 'O10', Value ''
WRITE: Worksheet: 'SUMMARY', Cell 'N10', Value 'ZA2020-9825178719-528902ce-78df-4be2-ac52-3e737578341d'
READ: Worksheet: 'SUMMARY', Cell 'A11', Converting to a String
READ: Worksheet: 'SUMMARY', Cell 'M11', Converting to a String
WRITE: Worksheet: 'SUMMARY', Cell 'O11', Value ''
WRITE: Worksheet: 'SUMMARY', Cell 'N11', Value 'ZA2020-9825178719-d08e87ab-d5db-4e94-bd7d-9b6c93bf3d74'
READ: Worksheet: 'SUMMARY', Cell 'A12', Converting to a String
READ: Worksheet: 'SUMMARY', Cell 'M12', Converting to a String
WRITE: Worksheet: 'SUMMARY', Cell 'O12', Value ''
WRITE: Worksheet: 'SUMMARY', Cell 'N12', Value 'ZA2020-9825178719-739e24ad-5a09-4cba-a1d5-9f1fb279b909'
READ: Worksheet: 'SUMMARY', Cell 'A13', Converting to a String
READ: Worksheet: 'SUMMARY', Cell 'M13', Converting to a String
WRITE: Worksheet: 'SUMMARY', Cell 'O13', Value ''
WRITE: Worksheet: 'SUMMARY', Cell 'N13', Value 'ZA2020-9825178719-3d5f9f94-318f-4573-8cfd-43877f5623f3'
READ: Worksheet: 'SUMMARY', Cell 'A14', Converting to a String
READ: Worksheet: 'SUMMARY', Cell 'M14', Converting to a String
WRITE: Worksheet: 'SUMMARY', Cell 'O14', Value ''
WRITE: Worksheet: 'SUMMARY', Cell 'N14', Value 'ZA2020-9825178719-9ee066e1-d466-48ee-8268-63c26e81125c'
READ: Worksheet: 'SUMMARY', Cell 'A15', Converting to a String
READ: Worksheet: 'SUMMARY', Cell 'M15', Converting to a String
WRITE: Worksheet: 'SUMMARY', Cell 'O15', Value ''
WRITE: Worksheet: 'SUMMARY', Cell 'N15', Value 'ZA2020-9825178719-a9bdc30e-2705-431f-bd35-a89c1fb612c7'
READ: Worksheet: 'SUMMARY', Cell 'A16', Converting to a String
READ: Worksheet: 'SUMMARY', Cell 'M16', Converting to a String
WRITE: Worksheet: 'SUMMARY', Cell 'O16', Value ''
WRITE: Worksheet: 'SUMMARY', Cell 'N16', Value 'ZA2020-9825178719-64ac587f-96a7-4df4-a50f-0245fbda7fdd'
READ: Worksheet: 'SUMMARY', Cell 'A17', Converting to a String
READ: Worksheet: 'SUMMARY', Cell 'M17', Converting to a String
WRITE: Worksheet: 'SUMMARY', Cell 'O17', Value ''
WRITE: Worksheet: 'SUMMARY', Cell 'N17', Value 'ZA2020-9825178719-42595efc-13c5-4de5-93a7-dcf7742ed19c'
READ: Worksheet: 'SUMMARY', Cell 'A18', Converting to a String
READ: Worksheet: 'SUMMARY', Cell 'M18', Converting to a String
WRITE: Worksheet: 'SUMMARY', Cell 'O18', Value ''
WRITE: Worksheet: 'SUMMARY', Cell 'N18', Value 'ZA2020-9825178719-399f8d81-0c5e-4ccc-b691-824e28dcfcf6'
READ: Worksheet: 'SUMMARY', Cell 'A19', Converting to a String
READ: Worksheet: 'SUMMARY', Cell 'M19', Converting to a String
WRITE: Worksheet: 'SUMMARY', Cell 'O19', Value ''
WRITE: Worksheet: 'SUMMARY', Cell 'N19', Value 'ZA2020-9825178719-4b087b92-ecdd-4923-941b-45e5cf1791be'
READ: Worksheet: 'SUMMARY', Cell 'A20', Converting to a String
READ: Worksheet: 'SUMMARY', Cell 'M20', Converting to a String
WRITE: Worksheet: 'SUMMARY', Cell 'O20', Value ''
WRITE: Worksheet: 'SUMMARY', Cell 'N20', Value 'ZA2020-9825178719-6ac617c0-d0ec-497e-8afe-b46653e56a4b'
READ: Worksheet: 'SUMMARY', Cell 'A21', Converting to a String
READ: Worksheet: 'SUMMARY', Cell 'M21', Converting to a String
WRITE: Worksheet: 'SUMMARY', Cell 'O21', Value ''
WRITE: Worksheet: 'SUMMARY', Cell 'N21', Value 'ZA2020-9825178719-4c870bf0-97aa-493a-bbf0-66b1e7819e67'
READ: Worksheet: 'SUMMARY', Cell 'A22', Converting to a String
READ: Worksheet: 'SUMMARY', Cell 'M22', Converting to a String
WRITE: Worksheet: 'SUMMARY', Cell 'O22', Value ''
WRITE: Worksheet: 'SUMMARY', Cell 'N22', Value 'ZA2020-9825178719-aa62c078-5932-4257-8bbf-52aeec0726d4'
READ: Worksheet: 'SUMMARY', Cell 'A23', Converting to a String
READ: Worksheet: 'SUMMARY', Cell 'M23', Converting to a String
WRITE: Worksheet: 'SUMMARY', Cell 'O23', Value ''
WRITE: Worksheet: 'SUMMARY', Cell 'N23', Value 'ZA2020-9825178719-b53ac881-9b72-4b4c-a552-24ba8d421cfc'
READ: Worksheet: 'SUMMARY', Cell 'A24', Converting to a String
READ: Worksheet: 'SUMMARY', Cell 'M24', Converting to a String
WRITE: Worksheet: 'SUMMARY', Cell 'O24', Value ''
WRITE: Worksheet: 'SUMMARY', Cell 'N24', Value 'ZA2020-9825178719-02d55b81-0234-40a3-a349-7a8d83a5dd4b'
READ: Worksheet: 'SUMMARY', Cell 'A25', Converting to a String
READ: Worksheet: 'SUMMARY', Cell 'M25', Converting to a String
WRITE: Worksheet: 'SUMMARY', Cell 'O25', Value ''
WRITE: Worksheet: 'SUMMARY', Cell 'N25', Value 'ZA2020-9825178719-0e47b01b-00d7-4c74-bcf4-f9b08fbbdd55'
READ: Worksheet: 'SUMMARY', Cell 'A26', Converting to a String
READ: Worksheet: 'SUMMARY', Cell 'M26', Converting to a String
WRITE: Worksheet: 'SUMMARY', Cell 'O26', Value ''
WRITE: Worksheet: 'SUMMARY', Cell 'N26', Value 'ZA2020-9825178719-d6244425-51e6-478c-9981-65ff088e8fdf'
READ: Worksheet: 'SUMMARY', Cell 'A27', Converting to a String
READ: Worksheet: 'SUMMARY', Cell 'M27', Converting to a String
WRITE: Worksheet: 'SUMMARY', Cell 'O27', Value ''
WRITE: Worksheet: 'SUMMARY', Cell 'N27', Value 'ZA2020-9825178719-87a1258e-4f35-4d04-922b-7ab0772f2a64'
READ: Worksheet: 'SUMMARY', Cell 'A28', Converting to a String
READ: Worksheet: 'SUMMARY', Cell 'M28', Converting to a String
WRITE: Worksheet: 'SUMMARY', Cell 'O28', Value ''
WRITE: Worksheet: 'SUMMARY', Cell 'N28', Value 'ZA2020-9825178719-96bdfd94-ef8d-4095-90ea-6dfbb4754c61'
READ: Worksheet: 'SUMMARY', Cell 'A29', Converting to a String
READ: Worksheet: 'SUMMARY', Cell 'M29', Converting to a String
WRITE: Worksheet: 'SUMMARY', Cell 'O29', Value ''
WRITE: Worksheet: 'SUMMARY', Cell 'N29', Value 'ZA2020-9825178719-a522c621-b1d2-49e9-9395-def19b6b6b8b'
READ: Worksheet: 'SUMMARY', Cell 'A30', Converting to a String
READ: Worksheet: 'SUMMARY', Cell 'M30', Converting to a String
WRITE: Worksheet: 'SUMMARY', Cell 'O30', Value ''
WRITE: Worksheet: 'SUMMARY', Cell 'N30', Value 'ZA2020-9825178719-499e7b11-9469-4c78-af37-0dc91784092f'
READ: Worksheet: 'SUMMARY', Cell 'A31', Converting to a String
READ: Worksheet: 'SUMMARY', Cell 'M31', Converting to a String
WRITE: Worksheet: 'SUMMARY', Cell 'O31', Value ''
WRITE: Worksheet: 'SUMMARY', Cell 'N31', Value 'ZA2020-9825178719-ad634fe9-4d5c-408c-875b-602d1998c3e4'
READ: Worksheet: 'SUMMARY', Cell 'A32', Converting to a String
READ: Worksheet: 'Additional Information', Cell 'A2', Converting to a String
READ: Worksheet: 'Additional Information', Cell 'D2', Converting to a String
WRITE: Worksheet: 'Additional Information', Cell 'F2', Value ''
WRITE: Worksheet: 'Additional Information', Cell 'E2', Value 'ZA2020-9825178719-c6feb7a5-c036-4bad-9dae-fbca8af4daba'
READ: Worksheet: 'Additional Information', Cell 'A3', Converting to a String
READ: Worksheet: 'Additional Information', Cell 'D3', Converting to a String
WRITE: Worksheet: 'Additional Information', Cell 'F3', Value ''
WRITE: Worksheet: 'Additional Information', Cell 'E3', Value 'ZA2020-9825178719-81340371-6c31-484a-8399-11da80d26546'
READ: Worksheet: 'Additional Information', Cell 'A4', Converting to a String
READ: Worksheet: 'SUMMARY', Cell 'A2', Converting to a String
READ: Worksheet: 'SUMMARY', Cell 'A3', Converting to a String
READ: Worksheet: 'SUMMARY', Cell 'A4', Converting to a String
READ: Worksheet: 'SUMMARY', Cell 'A5', Converting to a String
READ: Worksheet: 'SUMMARY', Cell 'A6', Converting to a String
READ: Worksheet: 'SUMMARY', Cell 'A7', Converting to a String
READ: Worksheet: 'SUMMARY', Cell 'A8', Converting to a String
READ: Worksheet: 'SUMMARY', Cell 'A9', Converting to a String
READ: Worksheet: 'SUMMARY', Cell 'A10', Converting to a String
READ: Worksheet: 'SUMMARY', Cell 'A11', Converting to a String
READ: Worksheet: 'SUMMARY', Cell 'A12', Converting to a String
READ: Worksheet: 'SUMMARY', Cell 'A13', Converting to a String
READ: Worksheet: 'SUMMARY', Cell 'A14', Converting to a String
READ: Worksheet: 'SUMMARY', Cell 'A15', Converting to a String
READ: Worksheet: 'SUMMARY', Cell 'A16', Converting to a String
READ: Worksheet: 'SUMMARY', Cell 'A17', Converting to a String
READ: Worksheet: 'SUMMARY', Cell 'A18', Converting to a String
READ: Worksheet: 'SUMMARY', Cell 'A19', Converting to a String
READ: Worksheet: 'SUMMARY', Cell 'A20', Converting to a String
READ: Worksheet: 'SUMMARY', Cell 'A21', Converting to a String
READ: Worksheet: 'SUMMARY', Cell 'A22', Converting to a String
READ: Worksheet: 'SUMMARY', Cell 'A23', Converting to a String
READ: Worksheet: 'SUMMARY', Cell 'A24', Converting to a String
READ: Worksheet: 'SUMMARY', Cell 'A25', Converting to a String
READ: Worksheet: 'SUMMARY', Cell 'A26', Converting to a String
READ: Worksheet: 'SUMMARY', Cell 'A27', Converting to a String
READ: Worksheet: 'SUMMARY', Cell 'A28', Converting to a String
READ: Worksheet: 'SUMMARY', Cell 'A29', Converting to a String
READ: Worksheet: 'SUMMARY', Cell 'A30', Converting to a String
READ: Worksheet: 'SUMMARY', Cell 'A31', Converting to a String
READ: Worksheet: 'SUMMARY', Cell 'A32', Converting to a String
READ: Worksheet: 'CoverPage', Cell 'B20', Converting to a String
READ: Worksheet: 'CoverPage', Cell 'B1', Converting to a String
READ: Worksheet: 'CoverPage', Cell 'B2', Converting to a String
READ: Worksheet: 'CoverPage', Cell 'B3', Converting to a String
READ: Worksheet: 'CoverPage', Cell 'B4', Converting to a String
READ: Worksheet: 'CoverPage', Cell 'B5', Converting to a String
READ: Worksheet: 'CoverPage', Cell 'B6', Converting to a String
READ: Worksheet: 'CoverPage', Cell 'B7', Converting to a String
READ: Worksheet: 'CoverPage', Cell 'B8', Converting to a String
READ: Worksheet: 'CoverPage', Cell 'B9', Converting to a String
READ: Worksheet: 'CoverPage', Cell 'B10', Converting to a String
READ: Worksheet: 'CoverPage', Cell 'B11', Converting to a String
READ: Worksheet: 'CoverPage', Cell 'B12', Converting to a String
READ: Worksheet: 'CoverPage', Cell 'B13', Converting to a String
READ: Worksheet: 'CoverPage', Cell 'B14', Converting to a String
READ: Worksheet: 'CoverPage', Cell 'B16', Converting to a String
READ: Worksheet: 'CoverPage', Cell 'B17', Converting to a String
READ: Worksheet: 'CoverPage', Cell 'B18', Converting to a String
READ: Worksheet: 'CoverPage', Cell 'B19', Converting to a String
READ: Worksheet: 'CoverPage', Cell 'B3', Converting to a String
READ: Worksheet: 'CoverPage', Cell 'B15', Converting to a String
READ: Worksheet: 'CoverPage', Cell 'B5', Converting to a String
READ: Worksheet: 'Additional Information', Cell 'A2', Converting to a String
READ: Worksheet: 'Additional Information', Cell 'D2', Converting to a String
READ: Worksheet: 'Additional Information', Cell 'E2', Converting to a String
READ: Worksheet: 'Additional Information', Cell 'F2', Converting to a String
READ: Worksheet: 'CoverPage', Cell 'B3', Converting to a String
READ: Worksheet: 'Additional Information', Cell 'B2', Converting to a String
READ: Worksheet: 'Additional Information', Cell 'C2', Converting to a String
READ: Worksheet: 'Additional Information', Cell 'A3', Converting to a String
READ: Worksheet: 'Additional Information', Cell 'D3', Converting to a String
READ: Worksheet: 'Additional Information', Cell 'E3', Converting to a String
READ: Worksheet: 'Additional Information', Cell 'F3', Converting to a String
READ: Worksheet: 'CoverPage', Cell 'B3', Converting to a String
READ: Worksheet: 'Additional Information', Cell 'B3', Converting to a String
READ: Worksheet: 'Additional Information', Cell 'C3', Converting to a String
READ: Worksheet: 'Additional Information', Cell 'A4', Converting to a String
READ: Worksheet: 'SUMMARY', Cell 'M2', Converting to a String
READ: Worksheet: 'SUMMARY', Cell 'N2', Converting to a String
READ: Worksheet: 'SUMMARY', Cell 'O2', Converting to a String
READ: Worksheet: 'CoverPage', Cell 'B3', Converting to a String
READ: Worksheet: 'SUMMARY', Cell 'K2', Converting to a String
READ: Worksheet: 'SUMMARY', Cell 'C2', Converting to a String
READ: Worksheet: 'SUMMARY', Cell 'D2', Converting to a String
READ: Worksheet: 'SUMMARY', Cell 'L2', Converting to a String
READ: Worksheet: 'SUMMARY', Cell 'E2', Converting to a String
READ: Worksheet: 'SUMMARY', Cell 'G2', Converting to a String
READ: Worksheet: 'SUMMARY', Cell 'F2', Converting to a String
READ: Worksheet: 'SUMMARY', Cell 'H2', Converting to a String
READ: Worksheet: 'SUMMARY', Cell 'J2', Converting to a String
READ: Worksheet: 'SUMMARY', Cell 'I2', Converting to a String
READ: Worksheet: 'CE_AE', Cell 'A2', Converting to a String
READ: Worksheet: 'CE_AE', Cell 'H2', Converting to a String
READ: Worksheet: 'CE_AE', Cell 'G2', Converting to a String
READ: Worksheet: 'CE_AE', Cell 'E2', Converting to a String
READ: Worksheet: 'CE_AE', Cell 'D2', Converting to a String
READ: Worksheet: 'CE_AE', Cell 'C2', Converting to a String
READ: Worksheet: 'CE_AE', Cell 'B2', Converting to a String
READ: Worksheet: 'CE_AE', Cell 'A2', Converting to a String
READ: Worksheet: 'CE_AE', Cell 'K2', Converting to a String
READ: Worksheet: 'CE_AE', Cell 'J2', Converting to a String
READ: Worksheet: 'CE_AE', Cell 'L2', Converting to a String
READ: Worksheet: 'CE_AE', Cell 'F2', Converting to a String
READ: Worksheet: 'CE_AE', Cell 'I2', Converting to a String
READ: Worksheet: 'CE_AE', Cell 'A3', Converting to a String
READ: Worksheet: 'CE_AE', Cell 'H3', Converting to a String
READ: Worksheet: 'CE_AE', Cell 'G3', Converting to a String
READ: Worksheet: 'CE_AE', Cell 'E3', Converting to a String
READ: Worksheet: 'CE_AE', Cell 'D3', Converting to a String
READ: Worksheet: 'CE_AE', Cell 'C3', Converting to a String
READ: Worksheet: 'CE_AE', Cell 'B3', Converting to a String
READ: Worksheet: 'CE_AE', Cell 'A3', Converting to a String
READ: Worksheet: 'CE_AE', Cell 'K3', Converting to a String
READ: Worksheet: 'CE_AE', Cell 'J3', Converting to a String
READ: Worksheet: 'CE_AE', Cell 'L3', Converting to a String
READ: Worksheet: 'CE_AE', Cell 'F3', Converting to a String
READ: Worksheet: 'CE_AE', Cell 'I3', Converting to a String
READ: Worksheet: 'CE_AE', Cell 'A4', Converting to a String
READ: Worksheet: 'CE_AE', Cell 'H4', Converting to a String
READ: Worksheet: 'CE_AE', Cell 'G4', Converting to a String
READ: Worksheet: 'CE_AE', Cell 'E4', Converting to a String
READ: Worksheet: 'CE_AE', Cell 'D4', Converting to a String
READ: Worksheet: 'CE_AE', Cell 'C4', Converting to a String
READ: Worksheet: 'CE_AE', Cell 'B4', Converting to a String
READ: Worksheet: 'CE_AE', Cell 'A4', Converting to a String
READ: Worksheet: 'CE_AE', Cell 'K4', Converting to a String
READ: Worksheet: 'CE_AE', Cell 'J4', Converting to a String
READ: Worksheet: 'CE_AE', Cell 'L4', Converting to a String
READ: Worksheet: 'CE_AE', Cell 'F4', Converting to a String
READ: Worksheet: 'CE_AE', Cell 'I4', Converting to a String
READ: Worksheet: 'CE_AE', Cell 'A5', Converting to a String
READ: Worksheet: 'CE_AE', Cell 'H5', Converting to a String
READ: Worksheet: 'CE_AE', Cell 'G5', Converting to a String
READ: Worksheet: 'CE_AE', Cell 'E5', Converting to a String
READ: Worksheet: 'CE_AE', Cell 'D5', Converting to a String
READ: Worksheet: 'CE_AE', Cell 'C5', Converting to a String
READ: Worksheet: 'CE_AE', Cell 'B5', Converting to a String
READ: Worksheet: 'CE_AE', Cell 'A5', Converting to a String
READ: Worksheet: 'CE_AE', Cell 'K5', Converting to a String
READ: Worksheet: 'CE_AE', Cell 'J5', Converting to a String
READ: Worksheet: 'CE_AE', Cell 'L5', Converting to a String
READ: Worksheet: 'CE_AE', Cell 'F5', Converting to a String
READ: Worksheet: 'CE_AE', Cell 'I5', Converting to a String
READ: Worksheet: 'CE_AE', Cell 'A6', Converting to a String
READ: Worksheet: 'SUMMARY', Cell 'M3', Converting to a String
READ: Worksheet: 'SUMMARY', Cell 'N3', Converting to a String
READ: Worksheet: 'SUMMARY', Cell 'O3', Converting to a String
READ: Worksheet: 'CoverPage', Cell 'B3', Converting to a String
READ: Worksheet: 'SUMMARY', Cell 'K3', Converting to a String
READ: Worksheet: 'SUMMARY', Cell 'C3', Converting to a String
READ: Worksheet: 'SUMMARY', Cell 'D3', Converting to a String
READ: Worksheet: 'SUMMARY', Cell 'L3', Converting to a String
READ: Worksheet: 'SUMMARY', Cell 'E3', Converting to a String
READ: Worksheet: 'SUMMARY', Cell 'G3', Converting to a String
READ: Worksheet: 'SUMMARY', Cell 'F3', Converting to a String
READ: Worksheet: 'SUMMARY', Cell 'H3', Converting to a String
READ: Worksheet: 'SUMMARY', Cell 'J3', Converting to a String
READ: Worksheet: 'SUMMARY', Cell 'I3', Converting to a String
READ: Worksheet: 'CE_AT', Cell 'A2', Converting to a String
READ: Worksheet: 'CE_AT', Cell 'H2', Converting to a String
READ: Worksheet: 'CE_AT', Cell 'G2', Converting to a String
READ: Worksheet: 'CE_AT', Cell 'E2', Converting to a String
READ: Worksheet: 'CE_AT', Cell 'D2', Converting to a String
READ: Worksheet: 'CE_AT', Cell 'C2', Converting to a String
READ: Worksheet: 'CE_AT', Cell 'B2', Converting to a String
READ: Worksheet: 'CE_AT', Cell 'A2', Converting to a String
READ: Worksheet: 'CE_AT', Cell 'K2', Converting to a String
READ: Worksheet: 'CE_AT', Cell 'J2', Converting to a String
READ: Worksheet: 'CE_AT', Cell 'L2', Converting to a String
READ: Worksheet: 'CE_AT', Cell 'F2', Converting to a String
READ: Worksheet: 'CE_AT', Cell 'I2', Converting to a String
READ: Worksheet: 'CE_AT', Cell 'A3', Converting to a String
READ: Worksheet: 'CE_AT', Cell 'H3', Converting to a String
READ: Worksheet: 'CE_AT', Cell 'G3', Converting to a String
READ: Worksheet: 'CE_AT', Cell 'E3', Converting to a String
READ: Worksheet: 'CE_AT', Cell 'D3', Converting to a String
READ: Worksheet: 'CE_AT', Cell 'C3', Converting to a String
READ: Worksheet: 'CE_AT', Cell 'B3', Converting to a String
READ: Worksheet: 'CE_AT', Cell 'A3', Converting to a String
READ: Worksheet: 'CE_AT', Cell 'K3', Converting to a String
READ: Worksheet: 'CE_AT', Cell 'J3', Converting to a String
READ: Worksheet: 'CE_AT', Cell 'L3', Converting to a String
READ: Worksheet: 'CE_AT', Cell 'F3', Converting to a String
READ: Worksheet: 'CE_AT', Cell 'I3', Converting to a String
READ: Worksheet: 'CE_AT', Cell 'A4', Converting to a String
READ: Worksheet: 'CE_AT', Cell 'H4', Converting to a String
READ: Worksheet: 'CE_AT', Cell 'G4', Converting to a String
READ: Worksheet: 'CE_AT', Cell 'E4', Converting to a String
READ: Worksheet: 'CE_AT', Cell 'D4', Converting to a String
READ: Worksheet: 'CE_AT', Cell 'C4', Converting to a String
READ: Worksheet: 'CE_AT', Cell 'B4', Converting to a String
READ: Worksheet: 'CE_AT', Cell 'A4', Converting to a String
READ: Worksheet: 'CE_AT', Cell 'K4', Converting to a String
READ: Worksheet: 'CE_AT', Cell 'J4', Converting to a String
READ: Worksheet: 'CE_AT', Cell 'L4', Converting to a String
READ: Worksheet: 'CE_AT', Cell 'F4', Converting to a String
READ: Worksheet: 'CE_AT', Cell 'I4', Converting to a String
READ: Worksheet: 'CE_AT', Cell 'A5', Converting to a String
READ: Worksheet: 'SUMMARY', Cell 'M4', Converting to a String
READ: Worksheet: 'SUMMARY', Cell 'N4', Converting to a String
READ: Worksheet: 'SUMMARY', Cell 'O4', Converting to a String
READ: Worksheet: 'CoverPage', Cell 'B3', Converting to a String
READ: Worksheet: 'SUMMARY', Cell 'K4', Converting to a String
READ: Worksheet: 'SUMMARY', Cell 'C4', Converting to a String
READ: Worksheet: 'SUMMARY', Cell 'D4', Converting to a String
READ: Worksheet: 'SUMMARY', Cell 'L4', Converting to a String
READ: Worksheet: 'SUMMARY', Cell 'E4', Converting to a String
READ: Worksheet: 'SUMMARY', Cell 'G4', Converting to a String
READ: Worksheet: 'SUMMARY', Cell 'F4', Converting to a String
READ: Worksheet: 'SUMMARY', Cell 'H4', Converting to a String
READ: Worksheet: 'SUMMARY', Cell 'J4', Converting to a String
READ: Worksheet: 'SUMMARY', Cell 'I4', Converting to a String
READ: Worksheet: 'CE_BE', Cell 'A2', Converting to a String
READ: Worksheet: 'CE_BE', Cell 'H2', Converting to a String
READ: Worksheet: 'CE_BE', Cell 'G2', Converting to a String
READ: Worksheet: 'CE_BE', Cell 'E2', Converting to a String
READ: Worksheet: 'CE_BE', Cell 'D2', Converting to a String
READ: Worksheet: 'CE_BE', Cell 'C2', Converting to a String
READ: Worksheet: 'CE_BE', Cell 'B2', Converting to a String
READ: Worksheet: 'CE_BE', Cell 'A2', Converting to a String
READ: Worksheet: 'CE_BE', Cell 'K2', Converting to a String
READ: Worksheet: 'CE_BE', Cell 'J2', Converting to a String
READ: Worksheet: 'CE_BE', Cell 'L2', Converting to a String
READ: Worksheet: 'CE_BE', Cell 'F2', Converting to a String
READ: Worksheet: 'CE_BE', Cell 'I2', Converting to a String
READ: Worksheet: 'CE_BE', Cell 'A3', Converting to a String
READ: Worksheet: 'CE_BE', Cell 'H3', Converting to a String
READ: Worksheet: 'CE_BE', Cell 'G3', Converting to a String
READ: Worksheet: 'CE_BE', Cell 'E3', Converting to a String
READ: Worksheet: 'CE_BE', Cell 'D3', Converting to a String
READ: Worksheet: 'CE_BE', Cell 'C3', Converting to a String
READ: Worksheet: 'CE_BE', Cell 'B3', Converting to a String
READ: Worksheet: 'CE_BE', Cell 'A3', Converting to a String
READ: Worksheet: 'CE_BE', Cell 'K3', Converting to a String
READ: Worksheet: 'CE_BE', Cell 'J3', Converting to a String
READ: Worksheet: 'CE_BE', Cell 'L3', Converting to a String
READ: Worksheet: 'CE_BE', Cell 'F3', Converting to a String
READ: Worksheet: 'CE_BE', Cell 'I3', Converting to a String
READ: Worksheet: 'CE_BE', Cell 'A4', Converting to a String
READ: Worksheet: 'CE_BE', Cell 'H4', Converting to a String
READ: Worksheet: 'CE_BE', Cell 'G4', Converting to a String
READ: Worksheet: 'CE_BE', Cell 'E4', Converting to a String
READ: Worksheet: 'CE_BE', Cell 'D4', Converting to a String
READ: Worksheet: 'CE_BE', Cell 'C4', Converting to a String
READ: Worksheet: 'CE_BE', Cell 'B4', Converting to a String
READ: Worksheet: 'CE_BE', Cell 'A4', Converting to a String
READ: Worksheet: 'CE_BE', Cell 'K4', Converting to a String
READ: Worksheet: 'CE_BE', Cell 'J4', Converting to a String
READ: Worksheet: 'CE_BE', Cell 'L4', Converting to a String
READ: Worksheet: 'CE_BE', Cell 'F4', Converting to a String
READ: Worksheet: 'CE_BE', Cell 'I4', Converting to a String
READ: Worksheet: 'CE_BE', Cell 'A5', Converting to a String
READ: Worksheet: 'CE_BE', Cell 'H5', Converting to a String
READ: Worksheet: 'CE_BE', Cell 'G5', Converting to a String
READ: Worksheet: 'CE_BE', Cell 'E5', Converting to a String
READ: Worksheet: 'CE_BE', Cell 'D5', Converting to a String
READ: Worksheet: 'CE_BE', Cell 'C5', Converting to a String
READ: Worksheet: 'CE_BE', Cell 'B5', Converting to a String
READ: Worksheet: 'CE_BE', Cell 'A5', Converting to a String
READ: Worksheet: 'CE_BE', Cell 'K5', Converting to a String
READ: Worksheet: 'CE_BE', Cell 'J5', Converting to a String
READ: Worksheet: 'CE_BE', Cell 'L5', Converting to a String
READ: Worksheet: 'CE_BE', Cell 'F5', Converting to a String
READ: Worksheet: 'CE_BE', Cell 'I5', Converting to a String
READ: Worksheet: 'CE_BE', Cell 'A6', Converting to a String
READ: Worksheet: 'CE_BE', Cell 'H6', Converting to a String
READ: Worksheet: 'CE_BE', Cell 'G6', Converting to a String
READ: Worksheet: 'CE_BE', Cell 'E6', Converting to a String
READ: Worksheet: 'CE_BE', Cell 'D6', Converting to a String
READ: Worksheet: 'CE_BE', Cell 'C6', Converting to a String
READ: Worksheet: 'CE_BE', Cell 'B6', Converting to a String
READ: Worksheet: 'CE_BE', Cell 'A6', Converting to a String
READ: Worksheet: 'CE_BE', Cell 'K6', Converting to a String
READ: Worksheet: 'CE_BE', Cell 'J6', Converting to a String
READ: Worksheet: 'CE_BE', Cell 'L6', Converting to a String
READ: Worksheet: 'CE_BE', Cell 'F6', Converting to a String
READ: Worksheet: 'CE_BE', Cell 'I6', Converting to a String
READ: Worksheet: 'CE_BE', Cell 'A7', Converting to a String
READ: Worksheet: 'CE_BE', Cell 'H7', Converting to a String
READ: Worksheet: 'CE_BE', Cell 'G7', Converting to a String
READ: Worksheet: 'CE_BE', Cell 'E7', Converting to a String
READ: Worksheet: 'CE_BE', Cell 'D7', Converting to a String
READ: Worksheet: 'CE_BE', Cell 'C7', Converting to a String
READ: Worksheet: 'CE_BE', Cell 'B7', Converting to a String
READ: Worksheet: 'CE_BE', Cell 'A7', Converting to a String
READ: Worksheet: 'CE_BE', Cell 'K7', Converting to a String
READ: Worksheet: 'CE_BE', Cell 'J7', Converting to a String
READ: Worksheet: 'CE_BE', Cell 'L7', Converting to a String
READ: Worksheet: 'CE_BE', Cell 'F7', Converting to a String
READ: Worksheet: 'CE_BE', Cell 'I7', Converting to a String
READ: Worksheet: 'CE_BE', Cell 'A8', Converting to a String
READ: Worksheet: 'CE_BE', Cell 'H8', Converting to a String
READ: Worksheet: 'CE_BE', Cell 'G8', Converting to a String
READ: Worksheet: 'CE_BE', Cell 'E8', Converting to a String
READ: Worksheet: 'CE_BE', Cell 'D8', Converting to a String
READ: Worksheet: 'CE_BE', Cell 'C8', Converting to a String
READ: Worksheet: 'CE_BE', Cell 'B8', Converting to a String
READ: Worksheet: 'CE_BE', Cell 'A8', Converting to a String
READ: Worksheet: 'CE_BE', Cell 'K8', Converting to a String
READ: Worksheet: 'CE_BE', Cell 'J8', Converting to a String
READ: Worksheet: 'CE_BE', Cell 'L8', Converting to a String
READ: Worksheet: 'CE_BE', Cell 'F8', Converting to a String
READ: Worksheet: 'CE_BE', Cell 'I8', Converting to a String
READ: Worksheet: 'CE_BE', Cell 'A9', Converting to a String
READ: Worksheet: 'SUMMARY', Cell 'M5', Converting to a String
READ: Worksheet: 'SUMMARY', Cell 'N5', Converting to a String
READ: Worksheet: 'SUMMARY', Cell 'O5', Converting to a String
READ: Worksheet: 'CoverPage', Cell 'B3', Converting to a String
READ: Worksheet: 'SUMMARY', Cell 'K5', Converting to a String
READ: Worksheet: 'SUMMARY', Cell 'C5', Converting to a String
READ: Worksheet: 'SUMMARY', Cell 'D5', Converting to a String
READ: Worksheet: 'SUMMARY', Cell 'L5', Converting to a String
READ: Worksheet: 'SUMMARY', Cell 'E5', Converting to a String
READ: Worksheet: 'SUMMARY', Cell 'G5', Converting to a String
READ: Worksheet: 'SUMMARY', Cell 'F5', Converting to a String
READ: Worksheet: 'SUMMARY', Cell 'H5', Converting to a String
READ: Worksheet: 'SUMMARY', Cell 'J5', Converting to a String
READ: Worksheet: 'SUMMARY', Cell 'I5', Converting to a String
READ: Worksheet: 'CE_BW', Cell 'A2', Converting to a String
READ: Worksheet: 'CE_BW', Cell 'H2', Converting to a String
READ: Worksheet: 'CE_BW', Cell 'G2', Converting to a String
READ: Worksheet: 'CE_BW', Cell 'E2', Converting to a String
READ: Worksheet: 'CE_BW', Cell 'D2', Converting to a String
READ: Worksheet: 'CE_BW', Cell 'C2', Converting to a String
READ: Worksheet: 'CE_BW', Cell 'B2', Converting to a String
READ: Worksheet: 'CE_BW', Cell 'A2', Converting to a String
READ: Worksheet: 'CE_BW', Cell 'K2', Converting to a String
READ: Worksheet: 'CE_BW', Cell 'J2', Converting to a String
READ: Worksheet: 'CE_BW', Cell 'L2', Converting to a String
READ: Worksheet: 'CE_BW', Cell 'F2', Converting to a String
READ: Worksheet: 'CE_BW', Cell 'I2', Converting to a String
READ: Worksheet: 'CE_BW', Cell 'A3', Converting to a String
READ: Worksheet: 'CE_BW', Cell 'H3', Converting to a String
READ: Worksheet: 'CE_BW', Cell 'G3', Converting to a String
READ: Worksheet: 'CE_BW', Cell 'E3', Converting to a String
READ: Worksheet: 'CE_BW', Cell 'D3', Converting to a String
READ: Worksheet: 'CE_BW', Cell 'C3', Converting to a String
READ: Worksheet: 'CE_BW', Cell 'B3', Converting to a String
READ: Worksheet: 'CE_BW', Cell 'A3', Converting to a String
READ: Worksheet: 'CE_BW', Cell 'K3', Converting to a String
READ: Worksheet: 'CE_BW', Cell 'J3', Converting to a String
READ: Worksheet: 'CE_BW', Cell 'L3', Converting to a String
READ: Worksheet: 'CE_BW', Cell 'F3', Converting to a String
READ: Worksheet: 'CE_BW', Cell 'I3', Converting to a String
READ: Worksheet: 'CE_BW', Cell 'A4', Converting to a String
READ: Worksheet: 'CE_BW', Cell 'H4', Converting to a String
READ: Worksheet: 'CE_BW', Cell 'G4', Converting to a String
READ: Worksheet: 'CE_BW', Cell 'E4', Converting to a String
READ: Worksheet: 'CE_BW', Cell 'D4', Converting to a String
READ: Worksheet: 'CE_BW', Cell 'C4', Converting to a String
READ: Worksheet: 'CE_BW', Cell 'B4', Converting to a String
READ: Worksheet: 'CE_BW', Cell 'A4', Converting to a String
READ: Worksheet: 'CE_BW', Cell 'K4', Converting to a String
READ: Worksheet: 'CE_BW', Cell 'J4', Converting to a String
READ: Worksheet: 'CE_BW', Cell 'L4', Converting to a String
READ: Worksheet: 'CE_BW', Cell 'F4', Converting to a String
READ: Worksheet: 'CE_BW', Cell 'I4', Converting to a String
READ: Worksheet: 'CE_BW', Cell 'A5', Converting to a String
READ: Worksheet: 'CE_BW', Cell 'H5', Converting to a String
READ: Worksheet: 'CE_BW', Cell 'G5', Converting to a String
READ: Worksheet: 'CE_BW', Cell 'E5', Converting to a String
READ: Worksheet: 'CE_BW', Cell 'D5', Converting to a String
READ: Worksheet: 'CE_BW', Cell 'C5', Converting to a String
READ: Worksheet: 'CE_BW', Cell 'B5', Converting to a String
READ: Worksheet: 'CE_BW', Cell 'A5', Converting to a String
READ: Worksheet: 'CE_BW', Cell 'K5', Converting to a String
READ: Worksheet: 'CE_BW', Cell 'J5', Converting to a String
READ: Worksheet: 'CE_BW', Cell 'L5', Converting to a String
READ: Worksheet: 'CE_BW', Cell 'F5', Converting to a String
READ: Worksheet: 'CE_BW', Cell 'I5', Converting to a String
READ: Worksheet: 'CE_BW', Cell 'A6', Converting to a String
READ: Worksheet: 'CE_BW', Cell 'H6', Converting to a String
READ: Worksheet: 'CE_BW', Cell 'G6', Converting to a String
READ: Worksheet: 'CE_BW', Cell 'E6', Converting to a String
READ: Worksheet: 'CE_BW', Cell 'D6', Converting to a String
READ: Worksheet: 'CE_BW', Cell 'C6', Converting to a String
READ: Worksheet: 'CE_BW', Cell 'B6', Converting to a String
READ: Worksheet: 'CE_BW', Cell 'A6', Converting to a String
READ: Worksheet: 'CE_BW', Cell 'K6', Converting to a String
READ: Worksheet: 'CE_BW', Cell 'J6', Converting to a String
READ: Worksheet: 'CE_BW', Cell 'L6', Converting to a String
READ: Worksheet: 'CE_BW', Cell 'F6', Converting to a String
READ: Worksheet: 'CE_BW', Cell 'I6', Converting to a String
READ: Worksheet: 'CE_BW', Cell 'A7', Converting to a String
READ: Worksheet: 'SUMMARY', Cell 'M6', Converting to a String
READ: Worksheet: 'SUMMARY', Cell 'N6', Converting to a String
READ: Worksheet: 'SUMMARY', Cell 'O6', Converting to a String
READ: Worksheet: 'CoverPage', Cell 'B3', Converting to a String
READ: Worksheet: 'SUMMARY', Cell 'K6', Converting to a String
READ: Worksheet: 'SUMMARY', Cell 'C6', Converting to a String
READ: Worksheet: 'SUMMARY', Cell 'D6', Converting to a String
READ: Worksheet: 'SUMMARY', Cell 'L6', Converting to a String
READ: Worksheet: 'SUMMARY', Cell 'E6', Converting to a String
READ: Worksheet: 'SUMMARY', Cell 'G6', Converting to a String
READ: Worksheet: 'SUMMARY', Cell 'F6', Converting to a String
READ: Worksheet: 'SUMMARY', Cell 'H6', Converting to a String
READ: Worksheet: 'SUMMARY', Cell 'J6', Converting to a String
READ: Worksheet: 'SUMMARY', Cell 'I6', Converting to a String
READ: Worksheet: 'CE_CH', Cell 'A2', Converting to a String
READ: Worksheet: 'CE_CH', Cell 'H2', Converting to a String
READ: Worksheet: 'CE_CH', Cell 'G2', Converting to a String
READ: Worksheet: 'CE_CH', Cell 'E2', Converting to a String
READ: Worksheet: 'CE_CH', Cell 'D2', Converting to a String
READ: Worksheet: 'CE_CH', Cell 'C2', Converting to a String
READ: Worksheet: 'CE_CH', Cell 'B2', Converting to a String
READ: Worksheet: 'CE_CH', Cell 'A2', Converting to a String
READ: Worksheet: 'CE_CH', Cell 'K2', Converting to a String
READ: Worksheet: 'CE_CH', Cell 'J2', Converting to a String
READ: Worksheet: 'CE_CH', Cell 'L2', Converting to a String
READ: Worksheet: 'CE_CH', Cell 'F2', Converting to a String
READ: Worksheet: 'CE_CH', Cell 'I2', Converting to a String
READ: Worksheet: 'CE_CH', Cell 'A3', Converting to a String
READ: Worksheet: 'CE_CH', Cell 'H3', Converting to a String
READ: Worksheet: 'CE_CH', Cell 'G3', Converting to a String
READ: Worksheet: 'CE_CH', Cell 'E3', Converting to a String
READ: Worksheet: 'CE_CH', Cell 'D3', Converting to a String
READ: Worksheet: 'CE_CH', Cell 'C3', Converting to a String
READ: Worksheet: 'CE_CH', Cell 'B3', Converting to a String
READ: Worksheet: 'CE_CH', Cell 'A3', Converting to a String
READ: Worksheet: 'CE_CH', Cell 'K3', Converting to a String
READ: Worksheet: 'CE_CH', Cell 'J3', Converting to a String
READ: Worksheet: 'CE_CH', Cell 'L3', Converting to a String
READ: Worksheet: 'CE_CH', Cell 'F3', Converting to a String
READ: Worksheet: 'CE_CH', Cell 'I3', Converting to a String
READ: Worksheet: 'CE_CH', Cell 'A4', Converting to a String
READ: Worksheet: 'CE_CH', Cell 'H4', Converting to a String
READ: Worksheet: 'CE_CH', Cell 'G4', Converting to a String
READ: Worksheet: 'CE_CH', Cell 'E4', Converting to a String
READ: Worksheet: 'CE_CH', Cell 'D4', Converting to a String
READ: Worksheet: 'CE_CH', Cell 'C4', Converting to a String
READ: Worksheet: 'CE_CH', Cell 'B4', Converting to a String
READ: Worksheet: 'CE_CH', Cell 'A4', Converting to a String
READ: Worksheet: 'CE_CH', Cell 'K4', Converting to a String
READ: Worksheet: 'CE_CH', Cell 'J4', Converting to a String
READ: Worksheet: 'CE_CH', Cell 'L4', Converting to a String
READ: Worksheet: 'CE_CH', Cell 'F4', Converting to a String
READ: Worksheet: 'CE_CH', Cell 'I4', Converting to a String
READ: Worksheet: 'CE_CH', Cell 'A5', Converting to a String
READ: Worksheet: 'SUMMARY', Cell 'M7', Converting to a String
READ: Worksheet: 'SUMMARY', Cell 'N7', Converting to a String
READ: Worksheet: 'SUMMARY', Cell 'O7', Converting to a String
READ: Worksheet: 'CoverPage', Cell 'B3', Converting to a String
READ: Worksheet: 'SUMMARY', Cell 'K7', Converting to a String
READ: Worksheet: 'SUMMARY', Cell 'C7', Converting to a String
READ: Worksheet: 'SUMMARY', Cell 'D7', Converting to a String
READ: Worksheet: 'SUMMARY', Cell 'L7', Converting to a String
READ: Worksheet: 'SUMMARY', Cell 'E7', Converting to a String
READ: Worksheet: 'SUMMARY', Cell 'G7', Converting to a String
READ: Worksheet: 'SUMMARY', Cell 'F7', Converting to a String
READ: Worksheet: 'SUMMARY', Cell 'H7', Converting to a String
READ: Worksheet: 'SUMMARY', Cell 'J7', Converting to a String
READ: Worksheet: 'SUMMARY', Cell 'I7', Converting to a String
READ: Worksheet: 'CE_CN', Cell 'A2', Converting to a String
READ: Worksheet: 'CE_CN', Cell 'H2', Converting to a String
READ: Worksheet: 'CE_CN', Cell 'G2', Converting to a String
READ: Worksheet: 'CE_CN', Cell 'E2', Converting to a String
READ: Worksheet: 'CE_CN', Cell 'D2', Converting to a String
READ: Worksheet: 'CE_CN', Cell 'C2', Converting to a String
READ: Worksheet: 'CE_CN', Cell 'B2', Converting to a String
READ: Worksheet: 'CE_CN', Cell 'A2', Converting to a String
READ: Worksheet: 'CE_CN', Cell 'K2', Converting to a String
READ: Worksheet: 'CE_CN', Cell 'J2', Converting to a String
READ: Worksheet: 'CE_CN', Cell 'L2', Converting to a String
READ: Worksheet: 'CE_CN', Cell 'F2', Converting to a String
READ: Worksheet: 'CE_CN', Cell 'I2', Converting to a String
READ: Worksheet: 'CE_CN', Cell 'A3', Converting to a String
READ: Worksheet: 'CE_CN', Cell 'H3', Converting to a String
READ: Worksheet: 'CE_CN', Cell 'G3', Converting to a String
READ: Worksheet: 'CE_CN', Cell 'E3', Converting to a String
READ: Worksheet: 'CE_CN', Cell 'D3', Converting to a String
READ: Worksheet: 'CE_CN', Cell 'C3', Converting to a String
READ: Worksheet: 'CE_CN', Cell 'B3', Converting to a String
READ: Worksheet: 'CE_CN', Cell 'A3', Converting to a String
READ: Worksheet: 'CE_CN', Cell 'K3', Converting to a String
READ: Worksheet: 'CE_CN', Cell 'J3', Converting to a String
READ: Worksheet: 'CE_CN', Cell 'L3', Converting to a String
READ: Worksheet: 'CE_CN', Cell 'F3', Converting to a String
READ: Worksheet: 'CE_CN', Cell 'I3', Converting to a String
READ: Worksheet: 'CE_CN', Cell 'A4', Converting to a String
READ: Worksheet: 'CE_CN', Cell 'H4', Converting to a String
READ: Worksheet: 'CE_CN', Cell 'G4', Converting to a String
READ: Worksheet: 'CE_CN', Cell 'E4', Converting to a String
READ: Worksheet: 'CE_CN', Cell 'D4', Converting to a String
READ: Worksheet: 'CE_CN', Cell 'C4', Converting to a String
READ: Worksheet: 'CE_CN', Cell 'B4', Converting to a String
READ: Worksheet: 'CE_CN', Cell 'A4', Converting to a String
READ: Worksheet: 'CE_CN', Cell 'K4', Converting to a String
READ: Worksheet: 'CE_CN', Cell 'J4', Converting to a String
READ: Worksheet: 'CE_CN', Cell 'L4', Converting to a String
READ: Worksheet: 'CE_CN', Cell 'F4', Converting to a String
READ: Worksheet: 'CE_CN', Cell 'I4', Converting to a String
READ: Worksheet: 'CE_CN', Cell 'A5', Converting to a String
READ: Worksheet: 'SUMMARY', Cell 'M8', Converting to a String
READ: Worksheet: 'SUMMARY', Cell 'N8', Converting to a String
READ: Worksheet: 'SUMMARY', Cell 'O8', Converting to a String
READ: Worksheet: 'CoverPage', Cell 'B3', Converting to a String
READ: Worksheet: 'SUMMARY', Cell 'K8', Converting to a String
READ: Worksheet: 'SUMMARY', Cell 'C8', Converting to a String
READ: Worksheet: 'SUMMARY', Cell 'D8', Converting to a String
READ: Worksheet: 'SUMMARY', Cell 'L8', Converting to a String
READ: Worksheet: 'SUMMARY', Cell 'E8', Converting to a String
READ: Worksheet: 'SUMMARY', Cell 'G8', Converting to a String
READ: Worksheet: 'SUMMARY', Cell 'F8', Converting to a String
READ: Worksheet: 'SUMMARY', Cell 'H8', Converting to a String
READ: Worksheet: 'SUMMARY', Cell 'J8', Converting to a String
READ: Worksheet: 'SUMMARY', Cell 'I8', Converting to a String
READ: Worksheet: 'CE_CZ', Cell 'A2', Converting to a String
READ: Worksheet: 'CE_CZ', Cell 'H2', Converting to a String
READ: Worksheet: 'CE_CZ', Cell 'G2', Converting to a String
READ: Worksheet: 'CE_CZ', Cell 'E2', Converting to a String
READ: Worksheet: 'CE_CZ', Cell 'D2', Converting to a String
READ: Worksheet: 'CE_CZ', Cell 'C2', Converting to a String
READ: Worksheet: 'CE_CZ', Cell 'B2', Converting to a String
READ: Worksheet: 'CE_CZ', Cell 'A2', Converting to a String
READ: Worksheet: 'CE_CZ', Cell 'K2', Converting to a String
READ: Worksheet: 'CE_CZ', Cell 'J2', Converting to a String
READ: Worksheet: 'CE_CZ', Cell 'L2', Converting to a String
READ: Worksheet: 'CE_CZ', Cell 'F2', Converting to a String
READ: Worksheet: 'CE_CZ', Cell 'I2', Converting to a String
READ: Worksheet: 'CE_CZ', Cell 'A3', Converting to a String
READ: Worksheet: 'CE_CZ', Cell 'H3', Converting to a String
READ: Worksheet: 'CE_CZ', Cell 'G3', Converting to a String
READ: Worksheet: 'CE_CZ', Cell 'E3', Converting to a String
READ: Worksheet: 'CE_CZ', Cell 'D3', Converting to a String
READ: Worksheet: 'CE_CZ', Cell 'C3', Converting to a String
READ: Worksheet: 'CE_CZ', Cell 'B3', Converting to a String
READ: Worksheet: 'CE_CZ', Cell 'A3', Converting to a String
READ: Worksheet: 'CE_CZ', Cell 'K3', Converting to a String
READ: Worksheet: 'CE_CZ', Cell 'J3', Converting to a String
READ: Worksheet: 'CE_CZ', Cell 'L3', Converting to a String
READ: Worksheet: 'CE_CZ', Cell 'F3', Converting to a String
READ: Worksheet: 'CE_CZ', Cell 'I3', Converting to a String
READ: Worksheet: 'CE_CZ', Cell 'A4', Converting to a String
READ: Worksheet: 'SUMMARY', Cell 'M9', Converting to a String
READ: Worksheet: 'SUMMARY', Cell 'N9', Converting to a String
READ: Worksheet: 'SUMMARY', Cell 'O9', Converting to a String
READ: Worksheet: 'CoverPage', Cell 'B3', Converting to a String
READ: Worksheet: 'SUMMARY', Cell 'K9', Converting to a String
READ: Worksheet: 'SUMMARY', Cell 'C9', Converting to a String
READ: Worksheet: 'SUMMARY', Cell 'D9', Converting to a String
READ: Worksheet: 'SUMMARY', Cell 'L9', Converting to a String
READ: Worksheet: 'SUMMARY', Cell 'E9', Converting to a String
READ: Worksheet: 'SUMMARY', Cell 'G9', Converting to a String
READ: Worksheet: 'SUMMARY', Cell 'F9', Converting to a String
READ: Worksheet: 'SUMMARY', Cell 'H9', Converting to a String
READ: Worksheet: 'SUMMARY', Cell 'J9', Converting to a String
READ: Worksheet: 'SUMMARY', Cell 'I9', Converting to a String
READ: Worksheet: 'CE_DE', Cell 'A2', Converting to a String
READ: Worksheet: 'CE_DE', Cell 'H2', Converting to a String
READ: Worksheet: 'CE_DE', Cell 'G2', Converting to a String
READ: Worksheet: 'CE_DE', Cell 'E2', Converting to a String
READ: Worksheet: 'CE_DE', Cell 'D2', Converting to a String
READ: Worksheet: 'CE_DE', Cell 'C2', Converting to a String
READ: Worksheet: 'CE_DE', Cell 'B2', Converting to a String
READ: Worksheet: 'CE_DE', Cell 'A2', Converting to a String
READ: Worksheet: 'CE_DE', Cell 'K2', Converting to a String
READ: Worksheet: 'CE_DE', Cell 'J2', Converting to a String
READ: Worksheet: 'CE_DE', Cell 'L2', Converting to a String
READ: Worksheet: 'CE_DE', Cell 'F2', Converting to a String
READ: Worksheet: 'CE_DE', Cell 'I2', Converting to a String
READ: Worksheet: 'CE_DE', Cell 'A3', Converting to a String
READ: Worksheet: 'CE_DE', Cell 'H3', Converting to a String
READ: Worksheet: 'CE_DE', Cell 'G3', Converting to a String
READ: Worksheet: 'CE_DE', Cell 'E3', Converting to a String
READ: Worksheet: 'CE_DE', Cell 'D3', Converting to a String
READ: Worksheet: 'CE_DE', Cell 'C3', Converting to a String
READ: Worksheet: 'CE_DE', Cell 'B3', Converting to a String
READ: Worksheet: 'CE_DE', Cell 'A3', Converting to a String
READ: Worksheet: 'CE_DE', Cell 'K3', Converting to a String
READ: Worksheet: 'CE_DE', Cell 'J3', Converting to a String
READ: Worksheet: 'CE_DE', Cell 'L3', Converting to a String
READ: Worksheet: 'CE_DE', Cell 'F3', Converting to a String
READ: Worksheet: 'CE_DE', Cell 'I3', Converting to a String
READ: Worksheet: 'CE_DE', Cell 'A4', Converting to a String
READ: Worksheet: 'CE_DE', Cell 'H4', Converting to a String
READ: Worksheet: 'CE_DE', Cell 'G4', Converting to a String
READ: Worksheet: 'CE_DE', Cell 'E4', Converting to a String
READ: Worksheet: 'CE_DE', Cell 'D4', Converting to a String
READ: Worksheet: 'CE_DE', Cell 'C4', Converting to a String
READ: Worksheet: 'CE_DE', Cell 'B4', Converting to a String
READ: Worksheet: 'CE_DE', Cell 'A4', Converting to a String
READ: Worksheet: 'CE_DE', Cell 'K4', Converting to a String
READ: Worksheet: 'CE_DE', Cell 'J4', Converting to a String
READ: Worksheet: 'CE_DE', Cell 'L4', Converting to a String
READ: Worksheet: 'CE_DE', Cell 'F4', Converting to a String
READ: Worksheet: 'CE_DE', Cell 'I4', Converting to a String
READ: Worksheet: 'CE_DE', Cell 'A5', Converting to a String
READ: Worksheet: 'CE_DE', Cell 'H5', Converting to a String
READ: Worksheet: 'CE_DE', Cell 'G5', Converting to a String
READ: Worksheet: 'CE_DE', Cell 'E5', Converting to a String
READ: Worksheet: 'CE_DE', Cell 'D5', Converting to a String
READ: Worksheet: 'CE_DE', Cell 'C5', Converting to a String
READ: Worksheet: 'CE_DE', Cell 'B5', Converting to a String
READ: Worksheet: 'CE_DE', Cell 'A5', Converting to a String
READ: Worksheet: 'CE_DE', Cell 'K5', Converting to a String
READ: Worksheet: 'CE_DE', Cell 'J5', Converting to a String
READ: Worksheet: 'CE_DE', Cell 'L5', Converting to a String
READ: Worksheet: 'CE_DE', Cell 'F5', Converting to a String
READ: Worksheet: 'CE_DE', Cell 'I5', Converting to a String
READ: Worksheet: 'CE_DE', Cell 'A6', Converting to a String
READ: Worksheet: 'CE_DE', Cell 'H6', Converting to a String
READ: Worksheet: 'CE_DE', Cell 'G6', Converting to a String
READ: Worksheet: 'CE_DE', Cell 'E6', Converting to a String
READ: Worksheet: 'CE_DE', Cell 'D6', Converting to a String
READ: Worksheet: 'CE_DE', Cell 'C6', Converting to a String
READ: Worksheet: 'CE_DE', Cell 'B6', Converting to a String
READ: Worksheet: 'CE_DE', Cell 'A6', Converting to a String
READ: Worksheet: 'CE_DE', Cell 'K6', Converting to a String
READ: Worksheet: 'CE_DE', Cell 'J6', Converting to a String
READ: Worksheet: 'CE_DE', Cell 'L6', Converting to a String
READ: Worksheet: 'CE_DE', Cell 'F6', Converting to a String
READ: Worksheet: 'CE_DE', Cell 'I6', Converting to a String
READ: Worksheet: 'CE_DE', Cell 'A7', Converting to a String
READ: Worksheet: 'CE_DE', Cell 'H7', Converting to a String
READ: Worksheet: 'CE_DE', Cell 'G7', Converting to a String
READ: Worksheet: 'CE_DE', Cell 'E7', Converting to a String
READ: Worksheet: 'CE_DE', Cell 'D7', Converting to a String
READ: Worksheet: 'CE_DE', Cell 'C7', Converting to a String
READ: Worksheet: 'CE_DE', Cell 'B7', Converting to a String
READ: Worksheet: 'CE_DE', Cell 'A7', Converting to a String
READ: Worksheet: 'CE_DE', Cell 'K7', Converting to a String
READ: Worksheet: 'CE_DE', Cell 'J7', Converting to a String
READ: Worksheet: 'CE_DE', Cell 'L7', Converting to a String
READ: Worksheet: 'CE_DE', Cell 'F7', Converting to a String
READ: Worksheet: 'CE_DE', Cell 'I7', Converting to a String
READ: Worksheet: 'CE_DE', Cell 'A8', Converting to a String
READ: Worksheet: 'CE_DE', Cell 'H8', Converting to a String
READ: Worksheet: 'CE_DE', Cell 'G8', Converting to a String
READ: Worksheet: 'CE_DE', Cell 'E8', Converting to a String
READ: Worksheet: 'CE_DE', Cell 'D8', Converting to a String
READ: Worksheet: 'CE_DE', Cell 'C8', Converting to a String
READ: Worksheet: 'CE_DE', Cell 'B8', Converting to a String
READ: Worksheet: 'CE_DE', Cell 'A8', Converting to a String
READ: Worksheet: 'CE_DE', Cell 'K8', Converting to a String
READ: Worksheet: 'CE_DE', Cell 'J8', Converting to a String
READ: Worksheet: 'CE_DE', Cell 'L8', Converting to a String
READ: Worksheet: 'CE_DE', Cell 'F8', Converting to a String
READ: Worksheet: 'CE_DE', Cell 'I8', Converting to a String
READ: Worksheet: 'CE_DE', Cell 'A9', Converting to a String
READ: Worksheet: 'CE_DE', Cell 'H9', Converting to a String
READ: Worksheet: 'CE_DE', Cell 'G9', Converting to a String
READ: Worksheet: 'CE_DE', Cell 'E9', Converting to a String
READ: Worksheet: 'CE_DE', Cell 'D9', Converting to a String
READ: Worksheet: 'CE_DE', Cell 'C9', Converting to a String
READ: Worksheet: 'CE_DE', Cell 'B9', Converting to a String
READ: Worksheet: 'CE_DE', Cell 'A9', Converting to a String
READ: Worksheet: 'CE_DE', Cell 'K9', Converting to a String
READ: Worksheet: 'CE_DE', Cell 'J9', Converting to a String
READ: Worksheet: 'CE_DE', Cell 'L9', Converting to a String
READ: Worksheet: 'CE_DE', Cell 'F9', Converting to a String
READ: Worksheet: 'CE_DE', Cell 'I9', Converting to a String
READ: Worksheet: 'CE_DE', Cell 'A10', Converting to a String
READ: Worksheet: 'CE_DE', Cell 'H10', Converting to a String
READ: Worksheet: 'CE_DE', Cell 'G10', Converting to a String
READ: Worksheet: 'CE_DE', Cell 'E10', Converting to a String
READ: Worksheet: 'CE_DE', Cell 'D10', Converting to a String
READ: Worksheet: 'CE_DE', Cell 'C10', Converting to a String
READ: Worksheet: 'CE_DE', Cell 'B10', Converting to a String
READ: Worksheet: 'CE_DE', Cell 'A10', Converting to a String
READ: Worksheet: 'CE_DE', Cell 'K10', Converting to a String
READ: Worksheet: 'CE_DE', Cell 'J10', Converting to a String
READ: Worksheet: 'CE_DE', Cell 'L10', Converting to a String
READ: Worksheet: 'CE_DE', Cell 'F10', Converting to a String
READ: Worksheet: 'CE_DE', Cell 'I10', Converting to a String
READ: Worksheet: 'CE_DE', Cell 'A11', Converting to a String
READ: Worksheet: 'CE_DE', Cell 'H11', Converting to a String
READ: Worksheet: 'CE_DE', Cell 'G11', Converting to a String
READ: Worksheet: 'CE_DE', Cell 'E11', Converting to a String
READ: Worksheet: 'CE_DE', Cell 'D11', Converting to a String
READ: Worksheet: 'CE_DE', Cell 'C11', Converting to a String
READ: Worksheet: 'CE_DE', Cell 'B11', Converting to a String
READ: Worksheet: 'CE_DE', Cell 'A11', Converting to a String
READ: Worksheet: 'CE_DE', Cell 'K11', Converting to a String
READ: Worksheet: 'CE_DE', Cell 'J11', Converting to a String
READ: Worksheet: 'CE_DE', Cell 'L11', Converting to a String
READ: Worksheet: 'CE_DE', Cell 'F11', Converting to a String
READ: Worksheet: 'CE_DE', Cell 'I11', Converting to a String
READ: Worksheet: 'CE_DE', Cell 'A12', Converting to a String
READ: Worksheet: 'CE_DE', Cell 'H12', Converting to a String
READ: Worksheet: 'CE_DE', Cell 'G12', Converting to a String
READ: Worksheet: 'CE_DE', Cell 'E12', Converting to a String
READ: Worksheet: 'CE_DE', Cell 'D12', Converting to a String
READ: Worksheet: 'CE_DE', Cell 'C12', Converting to a String
READ: Worksheet: 'CE_DE', Cell 'B12', Converting to a String
READ: Worksheet: 'CE_DE', Cell 'A12', Converting to a String
READ: Worksheet: 'CE_DE', Cell 'K12', Converting to a String
READ: Worksheet: 'CE_DE', Cell 'J12', Converting to a String
READ: Worksheet: 'CE_DE', Cell 'L12', Converting to a String
READ: Worksheet: 'CE_DE', Cell 'F12', Converting to a String
READ: Worksheet: 'CE_DE', Cell 'I12', Converting to a String
READ: Worksheet: 'CE_DE', Cell 'A13', Converting to a String
READ: Worksheet: 'CE_DE', Cell 'H13', Converting to a String
READ: Worksheet: 'CE_DE', Cell 'G13', Converting to a String
READ: Worksheet: 'CE_DE', Cell 'E13', Converting to a String
READ: Worksheet: 'CE_DE', Cell 'D13', Converting to a String
READ: Worksheet: 'CE_DE', Cell 'C13', Converting to a String
READ: Worksheet: 'CE_DE', Cell 'B13', Converting to a String
READ: Worksheet: 'CE_DE', Cell 'A13', Converting to a String
READ: Worksheet: 'CE_DE', Cell 'K13', Converting to a String
READ: Worksheet: 'CE_DE', Cell 'J13', Converting to a String
READ: Worksheet: 'CE_DE', Cell 'L13', Converting to a String
READ: Worksheet: 'CE_DE', Cell 'F13', Converting to a String
READ: Worksheet: 'CE_DE', Cell 'I13', Converting to a String
READ: Worksheet: 'CE_DE', Cell 'A14', Converting to a String
READ: Worksheet: 'CE_DE', Cell 'H14', Converting to a String
READ: Worksheet: 'CE_DE', Cell 'G14', Converting to a String
READ: Worksheet: 'CE_DE', Cell 'E14', Converting to a String
READ: Worksheet: 'CE_DE', Cell 'D14', Converting to a String
READ: Worksheet: 'CE_DE', Cell 'C14', Converting to a String
READ: Worksheet: 'CE_DE', Cell 'B14', Converting to a String
READ: Worksheet: 'CE_DE', Cell 'A14', Converting to a String
READ: Worksheet: 'CE_DE', Cell 'K14', Converting to a String
READ: Worksheet: 'CE_DE', Cell 'J14', Converting to a String
READ: Worksheet: 'CE_DE', Cell 'L14', Converting to a String
READ: Worksheet: 'CE_DE', Cell 'F14', Converting to a String
READ: Worksheet: 'CE_DE', Cell 'I14', Converting to a String
READ: Worksheet: 'CE_DE', Cell 'A15', Converting to a String
READ: Worksheet: 'CE_DE', Cell 'H15', Converting to a String
READ: Worksheet: 'CE_DE', Cell 'G15', Converting to a String
READ: Worksheet: 'CE_DE', Cell 'E15', Converting to a String
READ: Worksheet: 'CE_DE', Cell 'D15', Converting to a String
READ: Worksheet: 'CE_DE', Cell 'C15', Converting to a String
READ: Worksheet: 'CE_DE', Cell 'B15', Converting to a String
READ: Worksheet: 'CE_DE', Cell 'A15', Converting to a String
READ: Worksheet: 'CE_DE', Cell 'K15', Converting to a String
READ: Worksheet: 'CE_DE', Cell 'J15', Converting to a String
READ: Worksheet: 'CE_DE', Cell 'L15', Converting to a String
READ: Worksheet: 'CE_DE', Cell 'F15', Converting to a String
READ: Worksheet: 'CE_DE', Cell 'I15', Converting to a String
READ: Worksheet: 'CE_DE', Cell 'A16', Converting to a String
READ: Worksheet: 'CE_DE', Cell 'H16', Converting to a String
READ: Worksheet: 'CE_DE', Cell 'G16', Converting to a String
READ: Worksheet: 'CE_DE', Cell 'E16', Converting to a String
READ: Worksheet: 'CE_DE', Cell 'D16', Converting to a String
READ: Worksheet: 'CE_DE', Cell 'C16', Converting to a String
READ: Worksheet: 'CE_DE', Cell 'B16', Converting to a String
READ: Worksheet: 'CE_DE', Cell 'A16', Converting to a String
READ: Worksheet: 'CE_DE', Cell 'K16', Converting to a String
READ: Worksheet: 'CE_DE', Cell 'J16', Converting to a String
READ: Worksheet: 'CE_DE', Cell 'L16', Converting to a String
READ: Worksheet: 'CE_DE', Cell 'F16', Converting to a String
READ: Worksheet: 'CE_DE', Cell 'I16', Converting to a String
READ: Worksheet: 'CE_DE', Cell 'A17', Converting to a String
READ: Worksheet: 'CE_DE', Cell 'H17', Converting to a String
READ: Worksheet: 'CE_DE', Cell 'G17', Converting to a String
READ: Worksheet: 'CE_DE', Cell 'E17', Converting to a String
READ: Worksheet: 'CE_DE', Cell 'D17', Converting to a String
READ: Worksheet: 'CE_DE', Cell 'C17', Converting to a String
READ: Worksheet: 'CE_DE', Cell 'B17', Converting to a String
READ: Worksheet: 'CE_DE', Cell 'A17', Converting to a String
READ: Worksheet: 'CE_DE', Cell 'K17', Converting to a String
READ: Worksheet: 'CE_DE', Cell 'J17', Converting to a String
READ: Worksheet: 'CE_DE', Cell 'L17', Converting to a String
READ: Worksheet: 'CE_DE', Cell 'F17', Converting to a String
READ: Worksheet: 'CE_DE', Cell 'I17', Converting to a String
READ: Worksheet: 'CE_DE', Cell 'A18', Converting to a String
READ: Worksheet: 'CE_DE', Cell 'H18', Converting to a String
READ: Worksheet: 'CE_DE', Cell 'G18', Converting to a String
READ: Worksheet: 'CE_DE', Cell 'E18', Converting to a String
READ: Worksheet: 'CE_DE', Cell 'D18', Converting to a String
READ: Worksheet: 'CE_DE', Cell 'C18', Converting to a String
READ: Worksheet: 'CE_DE', Cell 'B18', Converting to a String
READ: Worksheet: 'CE_DE', Cell 'A18', Converting to a String
READ: Worksheet: 'CE_DE', Cell 'K18', Converting to a String
READ: Worksheet: 'CE_DE', Cell 'J18', Converting to a String
READ: Worksheet: 'CE_DE', Cell 'L18', Converting to a String
READ: Worksheet: 'CE_DE', Cell 'F18', Converting to a String
READ: Worksheet: 'CE_DE', Cell 'I18', Converting to a String
READ: Worksheet: 'CE_DE', Cell 'A19', Converting to a String
READ: Worksheet: 'CE_DE', Cell 'H19', Converting to a String
READ: Worksheet: 'CE_DE', Cell 'G19', Converting to a String
READ: Worksheet: 'CE_DE', Cell 'E19', Converting to a String
READ: Worksheet: 'CE_DE', Cell 'D19', Converting to a String
READ: Worksheet: 'CE_DE', Cell 'C19', Converting to a String
READ: Worksheet: 'CE_DE', Cell 'B19', Converting to a String
READ: Worksheet: 'CE_DE', Cell 'A19', Converting to a String
READ: Worksheet: 'CE_DE', Cell 'K19', Converting to a String
READ: Worksheet: 'CE_DE', Cell 'J19', Converting to a String
READ: Worksheet: 'CE_DE', Cell 'L19', Converting to a String
READ: Worksheet: 'CE_DE', Cell 'F19', Converting to a String
READ: Worksheet: 'CE_DE', Cell 'I19', Converting to a String
READ: Worksheet: 'CE_DE', Cell 'A20', Converting to a String
READ: Worksheet: 'CE_DE', Cell 'H20', Converting to a String
READ: Worksheet: 'CE_DE', Cell 'G20', Converting to a String
READ: Worksheet: 'CE_DE', Cell 'E20', Converting to a String
READ: Worksheet: 'CE_DE', Cell 'D20', Converting to a String
READ: Worksheet: 'CE_DE', Cell 'C20', Converting to a String
READ: Worksheet: 'CE_DE', Cell 'B20', Converting to a String
READ: Worksheet: 'CE_DE', Cell 'A20', Converting to a String
READ: Worksheet: 'CE_DE', Cell 'K20', Converting to a String
READ: Worksheet: 'CE_DE', Cell 'J20', Converting to a String
READ: Worksheet: 'CE_DE', Cell 'L20', Converting to a String
READ: Worksheet: 'CE_DE', Cell 'F20', Converting to a String
READ: Worksheet: 'CE_DE', Cell 'I20', Converting to a String
READ: Worksheet: 'CE_DE', Cell 'A21', Converting to a String
READ: Worksheet: 'CE_DE', Cell 'H21', Converting to a String
READ: Worksheet: 'CE_DE', Cell 'G21', Converting to a String
READ: Worksheet: 'CE_DE', Cell 'E21', Converting to a String
READ: Worksheet: 'CE_DE', Cell 'D21', Converting to a String
READ: Worksheet: 'CE_DE', Cell 'C21', Converting to a String
READ: Worksheet: 'CE_DE', Cell 'B21', Converting to a String
READ: Worksheet: 'CE_DE', Cell 'A21', Converting to a String
READ: Worksheet: 'CE_DE', Cell 'K21', Converting to a String
READ: Worksheet: 'CE_DE', Cell 'J21', Converting to a String
READ: Worksheet: 'CE_DE', Cell 'L21', Converting to a String
READ: Worksheet: 'CE_DE', Cell 'F21', Converting to a String
READ: Worksheet: 'CE_DE', Cell 'I21', Converting to a String
READ: Worksheet: 'CE_DE', Cell 'A22', Converting to a String
READ: Worksheet: 'CE_DE', Cell 'H22', Converting to a String
READ: Worksheet: 'CE_DE', Cell 'G22', Converting to a String
READ: Worksheet: 'CE_DE', Cell 'E22', Converting to a String
READ: Worksheet: 'CE_DE', Cell 'D22', Converting to a String
READ: Worksheet: 'CE_DE', Cell 'C22', Converting to a String
READ: Worksheet: 'CE_DE', Cell 'B22', Converting to a String
READ: Worksheet: 'CE_DE', Cell 'A22', Converting to a String
READ: Worksheet: 'CE_DE', Cell 'K22', Converting to a String
READ: Worksheet: 'CE_DE', Cell 'J22', Converting to a String
READ: Worksheet: 'CE_DE', Cell 'L22', Converting to a String
READ: Worksheet: 'CE_DE', Cell 'F22', Converting to a String
READ: Worksheet: 'CE_DE', Cell 'I22', Converting to a String
READ: Worksheet: 'CE_DE', Cell 'A23', Converting to a String
READ: Worksheet: 'CE_DE', Cell 'H23', Converting to a String
READ: Worksheet: 'CE_DE', Cell 'G23', Converting to a String
READ: Worksheet: 'CE_DE', Cell 'E23', Converting to a String
READ: Worksheet: 'CE_DE', Cell 'D23', Converting to a String
READ: Worksheet: 'CE_DE', Cell 'C23', Converting to a String
READ: Worksheet: 'CE_DE', Cell 'B23', Converting to a String
READ: Worksheet: 'CE_DE', Cell 'A23', Converting to a String
READ: Worksheet: 'CE_DE', Cell 'K23', Converting to a String
READ: Worksheet: 'CE_DE', Cell 'J23', Converting to a String
READ: Worksheet: 'CE_DE', Cell 'L23', Converting to a String
READ: Worksheet: 'CE_DE', Cell 'F23', Converting to a String
READ: Worksheet: 'CE_DE', Cell 'I23', Converting to a String
READ: Worksheet: 'CE_DE', Cell 'A24', Converting to a String
READ: Worksheet: 'CE_DE', Cell 'H24', Converting to a String
READ: Worksheet: 'CE_DE', Cell 'G24', Converting to a String
READ: Worksheet: 'CE_DE', Cell 'E24', Converting to a String
READ: Worksheet: 'CE_DE', Cell 'D24', Converting to a String
READ: Worksheet: 'CE_DE', Cell 'C24', Converting to a String
READ: Worksheet: 'CE_DE', Cell 'B24', Converting to a String
READ: Worksheet: 'CE_DE', Cell 'A24', Converting to a String
READ: Worksheet: 'CE_DE', Cell 'K24', Converting to a String
READ: Worksheet: 'CE_DE', Cell 'J24', Converting to a String
READ: Worksheet: 'CE_DE', Cell 'L24', Converting to a String
READ: Worksheet: 'CE_DE', Cell 'F24', Converting to a String
READ: Worksheet: 'CE_DE', Cell 'I24', Converting to a String
READ: Worksheet: 'CE_DE', Cell 'A25', Converting to a String
READ: Worksheet: 'CE_DE', Cell 'H25', Converting to a String
READ: Worksheet: 'CE_DE', Cell 'G25', Converting to a String
READ: Worksheet: 'CE_DE', Cell 'E25', Converting to a String
READ: Worksheet: 'CE_DE', Cell 'D25', Converting to a String
READ: Worksheet: 'CE_DE', Cell 'C25', Converting to a String
READ: Worksheet: 'CE_DE', Cell 'B25', Converting to a String
READ: Worksheet: 'CE_DE', Cell 'A25', Converting to a String
READ: Worksheet: 'CE_DE', Cell 'K25', Converting to a String
READ: Worksheet: 'CE_DE', Cell 'J25', Converting to a String
READ: Worksheet: 'CE_DE', Cell 'L25', Converting to a String
READ: Worksheet: 'CE_DE', Cell 'F25', Converting to a String
READ: Worksheet: 'CE_DE', Cell 'I25', Converting to a String
READ: Worksheet: 'CE_DE', Cell 'A26', Converting to a String
READ: Worksheet: 'CE_DE', Cell 'H26', Converting to a String
READ: Worksheet: 'CE_DE', Cell 'G26', Converting to a String
READ: Worksheet: 'CE_DE', Cell 'E26', Converting to a String
READ: Worksheet: 'CE_DE', Cell 'D26', Converting to a String
READ: Worksheet: 'CE_DE', Cell 'C26', Converting to a String
READ: Worksheet: 'CE_DE', Cell 'B26', Converting to a String
READ: Worksheet: 'CE_DE', Cell 'A26', Converting to a String
READ: Worksheet: 'CE_DE', Cell 'K26', Converting to a String
READ: Worksheet: 'CE_DE', Cell 'J26', Converting to a String
READ: Worksheet: 'CE_DE', Cell 'L26', Converting to a String
READ: Worksheet: 'CE_DE', Cell 'F26', Converting to a String
READ: Worksheet: 'CE_DE', Cell 'I26', Converting to a String
READ: Worksheet: 'CE_DE', Cell 'A27', Converting to a String
READ: Worksheet: 'CE_DE', Cell 'H27', Converting to a String
READ: Worksheet: 'CE_DE', Cell 'G27', Converting to a String
READ: Worksheet: 'CE_DE', Cell 'E27', Converting to a String
READ: Worksheet: 'CE_DE', Cell 'D27', Converting to a String
READ: Worksheet: 'CE_DE', Cell 'C27', Converting to a String
READ: Worksheet: 'CE_DE', Cell 'B27', Converting to a String
READ: Worksheet: 'CE_DE', Cell 'A27', Converting to a String
READ: Worksheet: 'CE_DE', Cell 'K27', Converting to a String
READ: Worksheet: 'CE_DE', Cell 'J27', Converting to a String
READ: Worksheet: 'CE_DE', Cell 'L27', Converting to a String
READ: Worksheet: 'CE_DE', Cell 'F27', Converting to a String
READ: Worksheet: 'CE_DE', Cell 'I27', Converting to a String
READ: Worksheet: 'CE_DE', Cell 'A28', Converting to a String
READ: Worksheet: 'CE_DE', Cell 'H28', Converting to a String
READ: Worksheet: 'CE_DE', Cell 'G28', Converting to a String
READ: Worksheet: 'CE_DE', Cell 'E28', Converting to a String
READ: Worksheet: 'CE_DE', Cell 'D28', Converting to a String
READ: Worksheet: 'CE_DE', Cell 'C28', Converting to a String
READ: Worksheet: 'CE_DE', Cell 'B28', Converting to a String
READ: Worksheet: 'CE_DE', Cell 'A28', Converting to a String
READ: Worksheet: 'CE_DE', Cell 'K28', Converting to a String
READ: Worksheet: 'CE_DE', Cell 'J28', Converting to a String
READ: Worksheet: 'CE_DE', Cell 'L28', Converting to a String
READ: Worksheet: 'CE_DE', Cell 'F28', Converting to a String
READ: Worksheet: 'CE_DE', Cell 'I28', Converting to a String
READ: Worksheet: 'CE_DE', Cell 'A29', Converting to a String
READ: Worksheet: 'CE_DE', Cell 'H29', Converting to a String
READ: Worksheet: 'CE_DE', Cell 'G29', Converting to a String
READ: Worksheet: 'CE_DE', Cell 'E29', Converting to a String
READ: Worksheet: 'CE_DE', Cell 'D29', Converting to a String
READ: Worksheet: 'CE_DE', Cell 'C29', Converting to a String
READ: Worksheet: 'CE_DE', Cell 'B29', Converting to a String
READ: Worksheet: 'CE_DE', Cell 'A29', Converting to a String
READ: Worksheet: 'CE_DE', Cell 'K29', Converting to a String
READ: Worksheet: 'CE_DE', Cell 'J29', Converting to a String
READ: Worksheet: 'CE_DE', Cell 'L29', Converting to a String
READ: Worksheet: 'CE_DE', Cell 'F29', Converting to a String
READ: Worksheet: 'CE_DE', Cell 'I29', Converting to a String
READ: Worksheet: 'CE_DE', Cell 'A30', Converting to a String
READ: Worksheet: 'CE_DE', Cell 'H30', Converting to a String
READ: Worksheet: 'CE_DE', Cell 'G30', Converting to a String
READ: Worksheet: 'CE_DE', Cell 'E30', Converting to a String
READ: Worksheet: 'CE_DE', Cell 'D30', Converting to a String
READ: Worksheet: 'CE_DE', Cell 'C30', Converting to a String
READ: Worksheet: 'CE_DE', Cell 'B30', Converting to a String
READ: Worksheet: 'CE_DE', Cell 'A30', Converting to a String
READ: Worksheet: 'CE_DE', Cell 'K30', Converting to a String
READ: Worksheet: 'CE_DE', Cell 'J30', Converting to a String
READ: Worksheet: 'CE_DE', Cell 'L30', Converting to a String
READ: Worksheet: 'CE_DE', Cell 'F30', Converting to a String
READ: Worksheet: 'CE_DE', Cell 'I30', Converting to a String
READ: Worksheet: 'CE_DE', Cell 'A31', Converting to a String
READ: Worksheet: 'CE_DE', Cell 'H31', Converting to a String
READ: Worksheet: 'CE_DE', Cell 'G31', Converting to a String
READ: Worksheet: 'CE_DE', Cell 'E31', Converting to a String
READ: Worksheet: 'CE_DE', Cell 'D31', Converting to a String
READ: Worksheet: 'CE_DE', Cell 'C31', Converting to a String
READ: Worksheet: 'CE_DE', Cell 'B31', Converting to a String
READ: Worksheet: 'CE_DE', Cell 'A31', Converting to a String
READ: Worksheet: 'CE_DE', Cell 'K31', Converting to a String
READ: Worksheet: 'CE_DE', Cell 'J31', Converting to a String
READ: Worksheet: 'CE_DE', Cell 'L31', Converting to a String
READ: Worksheet: 'CE_DE', Cell 'F31', Converting to a String
READ: Worksheet: 'CE_DE', Cell 'I31', Converting to a String
READ: Worksheet: 'CE_DE', Cell 'A32', Converting to a String
READ: Worksheet: 'CE_DE', Cell 'H32', Converting to a String
READ: Worksheet: 'CE_DE', Cell 'G32', Converting to a String
READ: Worksheet: 'CE_DE', Cell 'E32', Converting to a String
READ: Worksheet: 'CE_DE', Cell 'D32', Converting to a String
READ: Worksheet: 'CE_DE', Cell 'C32', Converting to a String
READ: Worksheet: 'CE_DE', Cell 'B32', Converting to a String
READ: Worksheet: 'CE_DE', Cell 'A32', Converting to a String
READ: Worksheet: 'CE_DE', Cell 'K32', Converting to a String
READ: Worksheet: 'CE_DE', Cell 'J32', Converting to a String
READ: Worksheet: 'CE_DE', Cell 'L32', Converting to a String
READ: Worksheet: 'CE_DE', Cell 'F32', Converting to a String
READ: Worksheet: 'CE_DE', Cell 'I32', Converting to a String
READ: Worksheet: 'CE_DE', Cell 'A33', Converting to a String
READ: Worksheet: 'CE_DE', Cell 'H33', Converting to a String
READ: Worksheet: 'CE_DE', Cell 'G33', Converting to a String
READ: Worksheet: 'CE_DE', Cell 'E33', Converting to a String
READ: Worksheet: 'CE_DE', Cell 'D33', Converting to a String
READ: Worksheet: 'CE_DE', Cell 'C33', Converting to a String
READ: Worksheet: 'CE_DE', Cell 'B33', Converting to a String
READ: Worksheet: 'CE_DE', Cell 'A33', Converting to a String
READ: Worksheet: 'CE_DE', Cell 'K33', Converting to a String
READ: Worksheet: 'CE_DE', Cell 'J33', Converting to a String
READ: Worksheet: 'CE_DE', Cell 'L33', Converting to a String
READ: Worksheet: 'CE_DE', Cell 'F33', Converting to a String
READ: Worksheet: 'CE_DE', Cell 'I33', Converting to a String
READ: Worksheet: 'CE_DE', Cell 'A34', Converting to a String
READ: Worksheet: 'CE_DE', Cell 'H34', Converting to a String
READ: Worksheet: 'CE_DE', Cell 'G34', Converting to a String
READ: Worksheet: 'CE_DE', Cell 'E34', Converting to a String
READ: Worksheet: 'CE_DE', Cell 'D34', Converting to a String
READ: Worksheet: 'CE_DE', Cell 'C34', Converting to a String
READ: Worksheet: 'CE_DE', Cell 'B34', Converting to a String
READ: Worksheet: 'CE_DE', Cell 'A34', Converting to a String
READ: Worksheet: 'CE_DE', Cell 'K34', Converting to a String
READ: Worksheet: 'CE_DE', Cell 'J34', Converting to a String
READ: Worksheet: 'CE_DE', Cell 'L34', Converting to a String
READ: Worksheet: 'CE_DE', Cell 'F34', Converting to a String
READ: Worksheet: 'CE_DE', Cell 'I34', Converting to a String
READ: Worksheet: 'CE_DE', Cell 'A35', Converting to a String
READ: Worksheet: 'CE_DE', Cell 'H35', Converting to a String
READ: Worksheet: 'CE_DE', Cell 'G35', Converting to a String
READ: Worksheet: 'CE_DE', Cell 'E35', Converting to a String
READ: Worksheet: 'CE_DE', Cell 'D35', Converting to a String
READ: Worksheet: 'CE_DE', Cell 'C35', Converting to a String
READ: Worksheet: 'CE_DE', Cell 'B35', Converting to a String
READ: Worksheet: 'CE_DE', Cell 'A35', Converting to a String
READ: Worksheet: 'CE_DE', Cell 'K35', Converting to a String
READ: Worksheet: 'CE_DE', Cell 'J35', Converting to a String
READ: Worksheet: 'CE_DE', Cell 'L35', Converting to a String
READ: Worksheet: 'CE_DE', Cell 'F35', Converting to a String
READ: Worksheet: 'CE_DE', Cell 'I35', Converting to a String
READ: Worksheet: 'CE_DE', Cell 'A36', Converting to a String
READ: Worksheet: 'CE_DE', Cell 'H36', Converting to a String
READ: Worksheet: 'CE_DE', Cell 'G36', Converting to a String
READ: Worksheet: 'CE_DE', Cell 'E36', Converting to a String
READ: Worksheet: 'CE_DE', Cell 'D36', Converting to a String
READ: Worksheet: 'CE_DE', Cell 'C36', Converting to a String
READ: Worksheet: 'CE_DE', Cell 'B36', Converting to a String
READ: Worksheet: 'CE_DE', Cell 'A36', Converting to a String
READ: Worksheet: 'CE_DE', Cell 'K36', Converting to a String
READ: Worksheet: 'CE_DE', Cell 'J36', Converting to a String
READ: Worksheet: 'CE_DE', Cell 'L36', Converting to a String
READ: Worksheet: 'CE_DE', Cell 'F36', Converting to a String
READ: Worksheet: 'CE_DE', Cell 'I36', Converting to a String
READ: Worksheet: 'CE_DE', Cell 'A37', Converting to a String
READ: Worksheet: 'CE_DE', Cell 'H37', Converting to a String
READ: Worksheet: 'CE_DE', Cell 'G37', Converting to a String
READ: Worksheet: 'CE_DE', Cell 'E37', Converting to a String
READ: Worksheet: 'CE_DE', Cell 'D37', Converting to a String
READ: Worksheet: 'CE_DE', Cell 'C37', Converting to a String
READ: Worksheet: 'CE_DE', Cell 'B37', Converting to a String
READ: Worksheet: 'CE_DE', Cell 'A37', Converting to a String
READ: Worksheet: 'CE_DE', Cell 'K37', Converting to a String
READ: Worksheet: 'CE_DE', Cell 'J37', Converting to a String
READ: Worksheet: 'CE_DE', Cell 'L37', Converting to a String
READ: Worksheet: 'CE_DE', Cell 'F37', Converting to a String
READ: Worksheet: 'CE_DE', Cell 'I37', Converting to a String
READ: Worksheet: 'CE_DE', Cell 'A38', Converting to a String
READ: Worksheet: 'CE_DE', Cell 'H38', Converting to a String
READ: Worksheet: 'CE_DE', Cell 'G38', Converting to a String
READ: Worksheet: 'CE_DE', Cell 'E38', Converting to a String
READ: Worksheet: 'CE_DE', Cell 'D38', Converting to a String
READ: Worksheet: 'CE_DE', Cell 'C38', Converting to a String
READ: Worksheet: 'CE_DE', Cell 'B38', Converting to a String
READ: Worksheet: 'CE_DE', Cell 'A38', Converting to a String
READ: Worksheet: 'CE_DE', Cell 'K38', Converting to a String
READ: Worksheet: 'CE_DE', Cell 'J38', Converting to a String
READ: Worksheet: 'CE_DE', Cell 'L38', Converting to a String
READ: Worksheet: 'CE_DE', Cell 'F38', Converting to a String
READ: Worksheet: 'CE_DE', Cell 'I38', Converting to a String
READ: Worksheet: 'CE_DE', Cell 'A39', Converting to a String
READ: Worksheet: 'CE_DE', Cell 'H39', Converting to a String
READ: Worksheet: 'CE_DE', Cell 'G39', Converting to a String
READ: Worksheet: 'CE_DE', Cell 'E39', Converting to a String
READ: Worksheet: 'CE_DE', Cell 'D39', Converting to a String
READ: Worksheet: 'CE_DE', Cell 'C39', Converting to a String
READ: Worksheet: 'CE_DE', Cell 'B39', Converting to a String
READ: Worksheet: 'CE_DE', Cell 'A39', Converting to a String
READ: Worksheet: 'CE_DE', Cell 'K39', Converting to a String
READ: Worksheet: 'CE_DE', Cell 'J39', Converting to a String
READ: Worksheet: 'CE_DE', Cell 'L39', Converting to a String
READ: Worksheet: 'CE_DE', Cell 'F39', Converting to a String
READ: Worksheet: 'CE_DE', Cell 'I39', Converting to a String
READ: Worksheet: 'CE_DE', Cell 'A40', Converting to a String
READ: Worksheet: 'CE_DE', Cell 'H40', Converting to a String
READ: Worksheet: 'CE_DE', Cell 'G40', Converting to a String
READ: Worksheet: 'CE_DE', Cell 'E40', Converting to a String
READ: Worksheet: 'CE_DE', Cell 'D40', Converting to a String
READ: Worksheet: 'CE_DE', Cell 'C40', Converting to a String
READ: Worksheet: 'CE_DE', Cell 'B40', Converting to a String
READ: Worksheet: 'CE_DE', Cell 'A40', Converting to a String
READ: Worksheet: 'CE_DE', Cell 'K40', Converting to a String
READ: Worksheet: 'CE_DE', Cell 'J40', Converting to a String
READ: Worksheet: 'CE_DE', Cell 'L40', Converting to a String
READ: Worksheet: 'CE_DE', Cell 'F40', Converting to a String
READ: Worksheet: 'CE_DE', Cell 'I40', Converting to a String
READ: Worksheet: 'CE_DE', Cell 'A41', Converting to a String
READ: Worksheet: 'SUMMARY', Cell 'M10', Converting to a String
READ: Worksheet: 'SUMMARY', Cell 'N10', Converting to a String
READ: Worksheet: 'SUMMARY', Cell 'O10', Converting to a String
READ: Worksheet: 'CoverPage', Cell 'B3', Converting to a String
READ: Worksheet: 'SUMMARY', Cell 'K10', Converting to a String
READ: Worksheet: 'SUMMARY', Cell 'C10', Converting to a String
READ: Worksheet: 'SUMMARY', Cell 'D10', Converting to a String
READ: Worksheet: 'SUMMARY', Cell 'L10', Converting to a String
READ: Worksheet: 'SUMMARY', Cell 'E10', Converting to a String
READ: Worksheet: 'SUMMARY', Cell 'G10', Converting to a String
READ: Worksheet: 'SUMMARY', Cell 'F10', Converting to a String
READ: Worksheet: 'SUMMARY', Cell 'H10', Converting to a String
READ: Worksheet: 'SUMMARY', Cell 'J10', Converting to a String
READ: Worksheet: 'SUMMARY', Cell 'I10', Converting to a String
READ: Worksheet: 'CE_ES', Cell 'A2', Converting to a String
READ: Worksheet: 'CE_ES', Cell 'H2', Converting to a String
READ: Worksheet: 'CE_ES', Cell 'G2', Converting to a String
READ: Worksheet: 'CE_ES', Cell 'E2', Converting to a String
READ: Worksheet: 'CE_ES', Cell 'D2', Converting to a String
READ: Worksheet: 'CE_ES', Cell 'C2', Converting to a String
READ: Worksheet: 'CE_ES', Cell 'B2', Converting to a String
READ: Worksheet: 'CE_ES', Cell 'A2', Converting to a String
READ: Worksheet: 'CE_ES', Cell 'K2', Converting to a String
READ: Worksheet: 'CE_ES', Cell 'J2', Converting to a String
READ: Worksheet: 'CE_ES', Cell 'L2', Converting to a String
READ: Worksheet: 'CE_ES', Cell 'F2', Converting to a String
READ: Worksheet: 'CE_ES', Cell 'I2', Converting to a String
READ: Worksheet: 'CE_ES', Cell 'A3', Converting to a String
READ: Worksheet: 'CE_ES', Cell 'H3', Converting to a String
READ: Worksheet: 'CE_ES', Cell 'G3', Converting to a String
READ: Worksheet: 'CE_ES', Cell 'E3', Converting to a String
READ: Worksheet: 'CE_ES', Cell 'D3', Converting to a String
READ: Worksheet: 'CE_ES', Cell 'C3', Converting to a String
READ: Worksheet: 'CE_ES', Cell 'B3', Converting to a String
READ: Worksheet: 'CE_ES', Cell 'A3', Converting to a String
READ: Worksheet: 'CE_ES', Cell 'K3', Converting to a String
READ: Worksheet: 'CE_ES', Cell 'J3', Converting to a String
READ: Worksheet: 'CE_ES', Cell 'L3', Converting to a String
READ: Worksheet: 'CE_ES', Cell 'F3', Converting to a String
READ: Worksheet: 'CE_ES', Cell 'I3', Converting to a String
READ: Worksheet: 'CE_ES', Cell 'A4', Converting to a String
READ: Worksheet: 'SUMMARY', Cell 'M11', Converting to a String
READ: Worksheet: 'SUMMARY', Cell 'N11', Converting to a String
READ: Worksheet: 'SUMMARY', Cell 'O11', Converting to a String
READ: Worksheet: 'CoverPage', Cell 'B3', Converting to a String
READ: Worksheet: 'SUMMARY', Cell 'K11', Converting to a String
READ: Worksheet: 'SUMMARY', Cell 'C11', Converting to a String
READ: Worksheet: 'SUMMARY', Cell 'D11', Converting to a String
READ: Worksheet: 'SUMMARY', Cell 'L11', Converting to a String
READ: Worksheet: 'SUMMARY', Cell 'E11', Converting to a String
READ: Worksheet: 'SUMMARY', Cell 'G11', Converting to a String
READ: Worksheet: 'SUMMARY', Cell 'F11', Converting to a String
READ: Worksheet: 'SUMMARY', Cell 'H11', Converting to a String
READ: Worksheet: 'SUMMARY', Cell 'J11', Converting to a String
READ: Worksheet: 'SUMMARY', Cell 'I11', Converting to a String
READ: Worksheet: 'CE_FI', Cell 'A2', Converting to a String
READ: Worksheet: 'CE_FI', Cell 'H2', Converting to a String
READ: Worksheet: 'CE_FI', Cell 'G2', Converting to a String
READ: Worksheet: 'CE_FI', Cell 'E2', Converting to a String
READ: Worksheet: 'CE_FI', Cell 'D2', Converting to a String
READ: Worksheet: 'CE_FI', Cell 'C2', Converting to a String
READ: Worksheet: 'CE_FI', Cell 'B2', Converting to a String
READ: Worksheet: 'CE_FI', Cell 'A2', Converting to a String
READ: Worksheet: 'CE_FI', Cell 'K2', Converting to a String
READ: Worksheet: 'CE_FI', Cell 'J2', Converting to a String
READ: Worksheet: 'CE_FI', Cell 'L2', Converting to a String
READ: Worksheet: 'CE_FI', Cell 'F2', Converting to a String
READ: Worksheet: 'CE_FI', Cell 'I2', Converting to a String
READ: Worksheet: 'CE_FI', Cell 'A3', Converting to a String
READ: Worksheet: 'SUMMARY', Cell 'M12', Converting to a String
READ: Worksheet: 'SUMMARY', Cell 'N12', Converting to a String
READ: Worksheet: 'SUMMARY', Cell 'O12', Converting to a String
READ: Worksheet: 'CoverPage', Cell 'B3', Converting to a String
READ: Worksheet: 'SUMMARY', Cell 'K12', Converting to a String
READ: Worksheet: 'SUMMARY', Cell 'C12', Converting to a String
READ: Worksheet: 'SUMMARY', Cell 'D12', Converting to a String
READ: Worksheet: 'SUMMARY', Cell 'L12', Converting to a String
READ: Worksheet: 'SUMMARY', Cell 'E12', Converting to a String
READ: Worksheet: 'SUMMARY', Cell 'G12', Converting to a String
READ: Worksheet: 'SUMMARY', Cell 'F12', Converting to a String
READ: Worksheet: 'SUMMARY', Cell 'H12', Converting to a String
READ: Worksheet: 'SUMMARY', Cell 'J12', Converting to a String
READ: Worksheet: 'SUMMARY', Cell 'I12', Converting to a String
