READ: Worksheet: 'CoverPage', Cell 'B29', Converting to a String
READ: Worksheet: 'CoverPage', Cell 'B4', Converting to a String
WRITE: Worksheet: 'CoverPage', Cell 'B3', Value ''
WRITE: Worksheet: 'CoverPage', Cell 'B4', Value 'CBC401'
WRITE: Worksheet: 'CoverPage', Cell 'B2', Value 'ZA2020-9825178719-86538840-61c6-44f9-b26b-46c3344ebaec'
READ: Worksheet: 'CoverPage', Cell 'B17', Converting to a String
WRITE: Worksheet: 'CoverPage', Cell 'B19', Value ''
WRITE: Worksheet: 'CoverPage', Cell 'B18', Value 'ZA2020-9825178719-49f25191-476c-4687-8a06-00e195099f8c'
READ: Worksheet: 'SUMMARY', Cell 'A2', Converting to a String
READ: Worksheet: 'SUMMARY', Cell 'M2', Converting to a String
WRITE: Worksheet: 'SUMMARY', Cell 'O2', Value ''
WRITE: Worksheet: 'SUMMARY', Cell 'N2', Value 'ZA2020-9825178719-fe3ed967-3975-435d-874b-d75d1eef65c5'
READ: Worksheet: 'SUMMARY', Cell 'A3', Converting to a String
READ: Worksheet: 'SUMMARY', Cell 'M3', Converting to a String
WRITE: Worksheet: 'SUMMARY', Cell 'O3', Value ''
WRITE: Worksheet: 'SUMMARY', Cell 'N3', Value 'ZA2020-9825178719-cc41658a-6623-4a66-8ede-702a931cd969'
READ: Worksheet: 'SUMMARY', Cell 'A4', Converting to a String
READ: Worksheet: 'SUMMARY', Cell 'M4', Converting to a String
WRITE: Worksheet: 'SUMMARY', Cell 'O4', Value ''
WRITE: Worksheet: 'SUMMARY', Cell 'N4', Value 'ZA2020-9825178719-4a27d19d-4501-4016-ac97-050a8e871c0f'
READ: Worksheet: 'SUMMARY', Cell 'A5', Converting to a String
READ: Worksheet: 'SUMMARY', Cell 'M5', Converting to a String
WRITE: Worksheet: 'SUMMARY', Cell 'O5', Value ''
WRITE: Worksheet: 'SUMMARY', Cell 'N5', Value 'ZA2020-9825178719-55666171-b92d-4df6-b455-75b21c61657b'
READ: Worksheet: 'SUMMARY', Cell 'A6', Converting to a String
READ: Worksheet: 'SUMMARY', Cell 'M6', Converting to a String
WRITE: Worksheet: 'SUMMARY', Cell 'O6', Value ''
WRITE: Worksheet: 'SUMMARY', Cell 'N6', Value 'ZA2020-9825178719-2dd63cdb-8013-4377-a7b5-df344c83dfdc'
READ: Worksheet: 'SUMMARY', Cell 'A7', Converting to a String
READ: Worksheet: 'SUMMARY', Cell 'M7', Converting to a String
WRITE: Worksheet: 'SUMMARY', Cell 'O7', Value ''
WRITE: Worksheet: 'SUMMARY', Cell 'N7', Value 'ZA2020-9825178719-ebed8fcb-dbe8-4be2-9ec1-194357cdb49e'
READ: Worksheet: 'SUMMARY', Cell 'A8', Converting to a String
READ: Worksheet: 'SUMMARY', Cell 'M8', Converting to a String
WRITE: Worksheet: 'SUMMARY', Cell 'O8', Value ''
WRITE: Worksheet: 'SUMMARY', Cell 'N8', Value 'ZA2020-9825178719-9f9d03d8-e87d-4afb-bf41-b13ac258fe1d'
READ: Worksheet: 'SUMMARY', Cell 'A9', Converting to a String
READ: Worksheet: 'SUMMARY', Cell 'M9', Converting to a String
WRITE: Worksheet: 'SUMMARY', Cell 'O9', Value ''
WRITE: Worksheet: 'SUMMARY', Cell 'N9', Value 'ZA2020-9825178719-f3961b48-4b31-4a58-8c75-09db804f9976'
READ: Worksheet: 'SUMMARY', Cell 'A10', Converting to a String
READ: Worksheet: 'SUMMARY', Cell 'M10', Converting to a String
WRITE: Worksheet: 'SUMMARY', Cell 'O10', Value ''
WRITE: Worksheet: 'SUMMARY', Cell 'N10', Value 'ZA2020-9825178719-bade7e2f-1a1f-42db-b0ea-c268f7ee903e'
READ: Worksheet: 'SUMMARY', Cell 'A11', Converting to a String
READ: Worksheet: 'SUMMARY', Cell 'M11', Converting to a String
WRITE: Worksheet: 'SUMMARY', Cell 'O11', Value ''
WRITE: Worksheet: 'SUMMARY', Cell 'N11', Value 'ZA2020-9825178719-ea227bdd-ded4-47d3-929f-9783a4ef1928'
READ: Worksheet: 'SUMMARY', Cell 'A12', Converting to a String
READ: Worksheet: 'SUMMARY', Cell 'M12', Converting to a String
WRITE: Worksheet: 'SUMMARY', Cell 'O12', Value ''
WRITE: Worksheet: 'SUMMARY', Cell 'N12', Value 'ZA2020-9825178719-5d1ab855-9990-41d4-9e64-bc0f83314754'
READ: Worksheet: 'SUMMARY', Cell 'A13', Converting to a String
READ: Worksheet: 'SUMMARY', Cell 'M13', Converting to a String
WRITE: Worksheet: 'SUMMARY', Cell 'O13', Value ''
WRITE: Worksheet: 'SUMMARY', Cell 'N13', Value 'ZA2020-9825178719-e0644d0c-0237-4ad5-aa36-339eea542d20'
READ: Worksheet: 'SUMMARY', Cell 'A14', Converting to a String
READ: Worksheet: 'SUMMARY', Cell 'M14', Converting to a String
WRITE: Worksheet: 'SUMMARY', Cell 'O14', Value ''
WRITE: Worksheet: 'SUMMARY', Cell 'N14', Value 'ZA2020-9825178719-1d4678b2-44ec-4138-a10e-fb34c5b06e82'
READ: Worksheet: 'SUMMARY', Cell 'A15', Converting to a String
READ: Worksheet: 'SUMMARY', Cell 'M15', Converting to a String
WRITE: Worksheet: 'SUMMARY', Cell 'O15', Value ''
WRITE: Worksheet: 'SUMMARY', Cell 'N15', Value 'ZA2020-9825178719-0c183d15-c1c8-4fa6-a06d-ccd46f3c9b20'
READ: Worksheet: 'SUMMARY', Cell 'A16', Converting to a String
READ: Worksheet: 'SUMMARY', Cell 'M16', Converting to a String
WRITE: Worksheet: 'SUMMARY', Cell 'O16', Value ''
WRITE: Worksheet: 'SUMMARY', Cell 'N16', Value 'ZA2020-9825178719-ce340334-eec6-4b69-8981-44e2f8353325'
READ: Worksheet: 'SUMMARY', Cell 'A17', Converting to a String
READ: Worksheet: 'SUMMARY', Cell 'M17', Converting to a String
WRITE: Worksheet: 'SUMMARY', Cell 'O17', Value ''
WRITE: Worksheet: 'SUMMARY', Cell 'N17', Value 'ZA2020-9825178719-1046e4d4-4dbd-4f0b-9b42-decc5984745d'
READ: Worksheet: 'SUMMARY', Cell 'A18', Converting to a String
READ: Worksheet: 'SUMMARY', Cell 'M18', Converting to a String
WRITE: Worksheet: 'SUMMARY', Cell 'O18', Value ''
WRITE: Worksheet: 'SUMMARY', Cell 'N18', Value 'ZA2020-9825178719-1bdfa680-36d8-461c-8a46-c023337578cf'
READ: Worksheet: 'SUMMARY', Cell 'A19', Converting to a String
READ: Worksheet: 'SUMMARY', Cell 'M19', Converting to a String
WRITE: Worksheet: 'SUMMARY', Cell 'O19', Value ''
WRITE: Worksheet: 'SUMMARY', Cell 'N19', Value 'ZA2020-9825178719-22053ad0-2600-43d6-8466-9ae740fbbf94'
READ: Worksheet: 'SUMMARY', Cell 'A20', Converting to a String
READ: Worksheet: 'SUMMARY', Cell 'M20', Converting to a String
WRITE: Worksheet: 'SUMMARY', Cell 'O20', Value ''
WRITE: Worksheet: 'SUMMARY', Cell 'N20', Value 'ZA2020-9825178719-d53c61b2-9521-4650-b6c2-8af6a8bdf764'
READ: Worksheet: 'SUMMARY', Cell 'A21', Converting to a String
READ: Worksheet: 'SUMMARY', Cell 'M21', Converting to a String
WRITE: Worksheet: 'SUMMARY', Cell 'O21', Value ''
WRITE: Worksheet: 'SUMMARY', Cell 'N21', Value 'ZA2020-9825178719-9dba52e8-fb7d-46c3-b6ad-95fa4e95f6c5'
READ: Worksheet: 'SUMMARY', Cell 'A22', Converting to a String
READ: Worksheet: 'SUMMARY', Cell 'M22', Converting to a String
WRITE: Worksheet: 'SUMMARY', Cell 'O22', Value ''
WRITE: Worksheet: 'SUMMARY', Cell 'N22', Value 'ZA2020-9825178719-751b67ff-027c-409b-93a3-c763f0987563'
READ: Worksheet: 'SUMMARY', Cell 'A23', Converting to a String
READ: Worksheet: 'SUMMARY', Cell 'M23', Converting to a String
WRITE: Worksheet: 'SUMMARY', Cell 'O23', Value ''
WRITE: Worksheet: 'SUMMARY', Cell 'N23', Value 'ZA2020-9825178719-1955ee21-5dd6-424f-af66-352ef19d6f1a'
READ: Worksheet: 'SUMMARY', Cell 'A24', Converting to a String
READ: Worksheet: 'SUMMARY', Cell 'M24', Converting to a String
WRITE: Worksheet: 'SUMMARY', Cell 'O24', Value ''
WRITE: Worksheet: 'SUMMARY', Cell 'N24', Value 'ZA2020-9825178719-9ca94b49-6d1a-4cc1-a05e-75343672ca95'
READ: Worksheet: 'SUMMARY', Cell 'A25', Converting to a String
READ: Worksheet: 'SUMMARY', Cell 'M25', Converting to a String
WRITE: Worksheet: 'SUMMARY', Cell 'O25', Value ''
WRITE: Worksheet: 'SUMMARY', Cell 'N25', Value 'ZA2020-9825178719-36dcfb79-b31e-4e7d-966a-7df0e62b4e73'
READ: Worksheet: 'SUMMARY', Cell 'A26', Converting to a String
READ: Worksheet: 'SUMMARY', Cell 'M26', Converting to a String
WRITE: Worksheet: 'SUMMARY', Cell 'O26', Value ''
WRITE: Worksheet: 'SUMMARY', Cell 'N26', Value 'ZA2020-9825178719-6d339701-fa23-402b-a884-8f01502947f3'
READ: Worksheet: 'SUMMARY', Cell 'A27', Converting to a String
READ: Worksheet: 'SUMMARY', Cell 'M27', Converting to a String
WRITE: Worksheet: 'SUMMARY', Cell 'O27', Value ''
WRITE: Worksheet: 'SUMMARY', Cell 'N27', Value 'ZA2020-9825178719-6961d00a-de17-4789-9840-861d17fcad58'
READ: Worksheet: 'SUMMARY', Cell 'A28', Converting to a String
READ: Worksheet: 'SUMMARY', Cell 'M28', Converting to a String
WRITE: Worksheet: 'SUMMARY', Cell 'O28', Value ''
WRITE: Worksheet: 'SUMMARY', Cell 'N28', Value 'ZA2020-9825178719-45480877-ddf7-4fe1-a297-1dbf42a4b929'
READ: Worksheet: 'SUMMARY', Cell 'A29', Converting to a String
READ: Worksheet: 'SUMMARY', Cell 'M29', Converting to a String
WRITE: Worksheet: 'SUMMARY', Cell 'O29', Value ''
WRITE: Worksheet: 'SUMMARY', Cell 'N29', Value 'ZA2020-9825178719-425a5b44-68fa-4890-b46c-0e9a7cc343dd'
READ: Worksheet: 'SUMMARY', Cell 'A30', Converting to a String
READ: Worksheet: 'SUMMARY', Cell 'M30', Converting to a String
WRITE: Worksheet: 'SUMMARY', Cell 'O30', Value ''
WRITE: Worksheet: 'SUMMARY', Cell 'N30', Value 'ZA2020-9825178719-b3b05af7-052e-4943-87d7-252829df1565'
READ: Worksheet: 'SUMMARY', Cell 'A31', Converting to a String
READ: Worksheet: 'SUMMARY', Cell 'M31', Converting to a String
WRITE: Worksheet: 'SUMMARY', Cell 'O31', Value ''
WRITE: Worksheet: 'SUMMARY', Cell 'N31', Value 'ZA2020-9825178719-66f3f0cc-23f2-4bdc-8cc5-c1f5312e32d3'
READ: Worksheet: 'SUMMARY', Cell 'A32', Converting to a String
READ: Worksheet: 'Additional Information', Cell 'A2', Converting to a String
READ: Worksheet: 'Additional Information', Cell 'D2', Converting to a String
WRITE: Worksheet: 'Additional Information', Cell 'F2', Value ''
WRITE: Worksheet: 'Additional Information', Cell 'E2', Value 'ZA2020-9825178719-db155c0b-df5c-451c-bb0a-820c35cf8e6b'
READ: Worksheet: 'Additional Information', Cell 'A3', Converting to a String
READ: Worksheet: 'Additional Information', Cell 'D3', Converting to a String
WRITE: Worksheet: 'Additional Information', Cell 'F3', Value ''
WRITE: Worksheet: 'Additional Information', Cell 'E3', Value 'ZA2020-9825178719-23808eba-e4a3-481b-95fc-f9a464a16230'
READ: Worksheet: 'Additional Information', Cell 'A4', Converting to a String
READ: Worksheet: 'SUMMARY', Cell 'A2', Converting to a String
READ: Worksheet: 'SUMMARY', Cell 'A3', Converting to a String
READ: Worksheet: 'SUMMARY', Cell 'A4', Converting to a String
READ: Worksheet: 'SUMMARY', Cell 'A5', Converting to a String
READ: Worksheet: 'SUMMARY', Cell 'A6', Converting to a String
READ: Worksheet: 'SUMMARY', Cell 'A7', Converting to a String
READ: Worksheet: 'SUMMARY', Cell 'A8', Converting to a String
READ: Worksheet: 'SUMMARY', Cell 'A9', Converting to a String
READ: Worksheet: 'SUMMARY', Cell 'A10', Converting to a String
READ: Worksheet: 'SUMMARY', Cell 'A11', Converting to a String
READ: Worksheet: 'SUMMARY', Cell 'A12', Converting to a String
READ: Worksheet: 'SUMMARY', Cell 'A13', Converting to a String
READ: Worksheet: 'SUMMARY', Cell 'A14', Converting to a String
READ: Worksheet: 'SUMMARY', Cell 'A15', Converting to a String
READ: Worksheet: 'SUMMARY', Cell 'A16', Converting to a String
READ: Worksheet: 'SUMMARY', Cell 'A17', Converting to a String
READ: Worksheet: 'SUMMARY', Cell 'A18', Converting to a String
READ: Worksheet: 'SUMMARY', Cell 'A19', Converting to a String
READ: Worksheet: 'SUMMARY', Cell 'A20', Converting to a String
READ: Worksheet: 'SUMMARY', Cell 'A21', Converting to a String
READ: Worksheet: 'SUMMARY', Cell 'A22', Converting to a String
READ: Worksheet: 'SUMMARY', Cell 'A23', Converting to a String
READ: Worksheet: 'SUMMARY', Cell 'A24', Converting to a String
READ: Worksheet: 'SUMMARY', Cell 'A25', Converting to a String
READ: Worksheet: 'SUMMARY', Cell 'A26', Converting to a String
READ: Worksheet: 'SUMMARY', Cell 'A27', Converting to a String
READ: Worksheet: 'SUMMARY', Cell 'A28', Converting to a String
READ: Worksheet: 'SUMMARY', Cell 'A29', Converting to a String
READ: Worksheet: 'SUMMARY', Cell 'A30', Converting to a String
READ: Worksheet: 'SUMMARY', Cell 'A31', Converting to a String
READ: Worksheet: 'SUMMARY', Cell 'A32', Converting to a String
READ: Worksheet: 'CoverPage', Cell 'B20', Converting to a String
READ: Worksheet: 'CoverPage', Cell 'B1', Converting to a String
READ: Worksheet: 'CoverPage', Cell 'B2', Converting to a String
READ: Worksheet: 'CoverPage', Cell 'B3', Converting to a String
READ: Worksheet: 'CoverPage', Cell 'B4', Converting to a String
READ: Worksheet: 'CoverPage', Cell 'B5', Converting to a String
READ: Worksheet: 'CoverPage', Cell 'B6', Converting to a String
READ: Worksheet: 'CoverPage', Cell 'B7', Converting to a String
READ: Worksheet: 'CoverPage', Cell 'B8', Converting to a String
READ: Worksheet: 'CoverPage', Cell 'B9', Converting to a String
READ: Worksheet: 'CoverPage', Cell 'B10', Converting to a String
READ: Worksheet: 'CoverPage', Cell 'B11', Converting to a String
READ: Worksheet: 'CoverPage', Cell 'B12', Converting to a String
READ: Worksheet: 'CoverPage', Cell 'B13', Converting to a String
READ: Worksheet: 'CoverPage', Cell 'B14', Converting to a String
READ: Worksheet: 'CoverPage', Cell 'B16', Converting to a String
READ: Worksheet: 'CoverPage', Cell 'B17', Converting to a String
READ: Worksheet: 'CoverPage', Cell 'B18', Converting to a String
READ: Worksheet: 'CoverPage', Cell 'B19', Converting to a String
READ: Worksheet: 'CoverPage', Cell 'B3', Converting to a String
READ: Worksheet: 'CoverPage', Cell 'B15', Converting to a String
READ: Worksheet: 'CoverPage', Cell 'B5', Converting to a String
READ: Worksheet: 'Additional Information', Cell 'A2', Converting to a String
READ: Worksheet: 'Additional Information', Cell 'D2', Converting to a String
READ: Worksheet: 'Additional Information', Cell 'E2', Converting to a String
READ: Worksheet: 'Additional Information', Cell 'F2', Converting to a String
READ: Worksheet: 'CoverPage', Cell 'B3', Converting to a String
READ: Worksheet: 'Additional Information', Cell 'B2', Converting to a String
READ: Worksheet: 'Additional Information', Cell 'C2', Converting to a String
READ: Worksheet: 'Additional Information', Cell 'A3', Converting to a String
READ: Worksheet: 'Additional Information', Cell 'D3', Converting to a String
READ: Worksheet: 'Additional Information', Cell 'E3', Converting to a String
READ: Worksheet: 'Additional Information', Cell 'F3', Converting to a String
READ: Worksheet: 'CoverPage', Cell 'B3', Converting to a String
READ: Worksheet: 'Additional Information', Cell 'B3', Converting to a String
READ: Worksheet: 'Additional Information', Cell 'C3', Converting to a String
READ: Worksheet: 'Additional Information', Cell 'A4', Converting to a String
READ: Worksheet: 'SUMMARY', Cell 'M2', Converting to a String
READ: Worksheet: 'SUMMARY', Cell 'N2', Converting to a String
READ: Worksheet: 'SUMMARY', Cell 'O2', Converting to a String
READ: Worksheet: 'CoverPage', Cell 'B3', Converting to a String
READ: Worksheet: 'SUMMARY', Cell 'K2', Converting to a String
READ: Worksheet: 'SUMMARY', Cell 'C2', Converting to a String
READ: Worksheet: 'SUMMARY', Cell 'D2', Converting to a String
READ: Worksheet: 'SUMMARY', Cell 'L2', Converting to a String
READ: Worksheet: 'SUMMARY', Cell 'E2', Converting to a String
READ: Worksheet: 'SUMMARY', Cell 'G2', Converting to a String
READ: Worksheet: 'SUMMARY', Cell 'F2', Converting to a String
READ: Worksheet: 'SUMMARY', Cell 'H2', Converting to a String
READ: Worksheet: 'SUMMARY', Cell 'J2', Converting to a String
READ: Worksheet: 'SUMMARY', Cell 'I2', Converting to a String
READ: Worksheet: 'CE_AE', Cell 'A2', Converting to a String
READ: Worksheet: 'CE_AE', Cell 'H2', Converting to a String
READ: Worksheet: 'CE_AE', Cell 'G2', Converting to a String
READ: Worksheet: 'CE_AE', Cell 'E2', Converting to a String
READ: Worksheet: 'CE_AE', Cell 'D2', Converting to a String
READ: Worksheet: 'CE_AE', Cell 'C2', Converting to a String
READ: Worksheet: 'CE_AE', Cell 'B2', Converting to a String
READ: Worksheet: 'CE_AE', Cell 'A2', Converting to a String
READ: Worksheet: 'CE_AE', Cell 'K2', Converting to a String
READ: Worksheet: 'CE_AE', Cell 'J2', Converting to a String
READ: Worksheet: 'CE_AE', Cell 'L2', Converting to a String
READ: Worksheet: 'CE_AE', Cell 'F2', Converting to a String
READ: Worksheet: 'CE_AE', Cell 'I2', Converting to a String
READ: Worksheet: 'CE_AE', Cell 'A3', Converting to a String
READ: Worksheet: 'CE_AE', Cell 'H3', Converting to a String
READ: Worksheet: 'CE_AE', Cell 'G3', Converting to a String
READ: Worksheet: 'CE_AE', Cell 'E3', Converting to a String
READ: Worksheet: 'CE_AE', Cell 'D3', Converting to a String
READ: Worksheet: 'CE_AE', Cell 'C3', Converting to a String
READ: Worksheet: 'CE_AE', Cell 'B3', Converting to a String
READ: Worksheet: 'CE_AE', Cell 'A3', Converting to a String
READ: Worksheet: 'CE_AE', Cell 'K3', Converting to a String
READ: Worksheet: 'CE_AE', Cell 'J3', Converting to a String
READ: Worksheet: 'CE_AE', Cell 'L3', Converting to a String
READ: Worksheet: 'CE_AE', Cell 'F3', Converting to a String
READ: Worksheet: 'CE_AE', Cell 'I3', Converting to a String
READ: Worksheet: 'CE_AE', Cell 'A4', Converting to a String
READ: Worksheet: 'CE_AE', Cell 'H4', Converting to a String
READ: Worksheet: 'CE_AE', Cell 'G4', Converting to a String
READ: Worksheet: 'CE_AE', Cell 'E4', Converting to a String
READ: Worksheet: 'CE_AE', Cell 'D4', Converting to a String
READ: Worksheet: 'CE_AE', Cell 'C4', Converting to a String
READ: Worksheet: 'CE_AE', Cell 'B4', Converting to a String
READ: Worksheet: 'CE_AE', Cell 'A4', Converting to a String
READ: Worksheet: 'CE_AE', Cell 'K4', Converting to a String
READ: Worksheet: 'CE_AE', Cell 'J4', Converting to a String
READ: Worksheet: 'CE_AE', Cell 'L4', Converting to a String
READ: Worksheet: 'CE_AE', Cell 'F4', Converting to a String
READ: Worksheet: 'CE_AE', Cell 'I4', Converting to a String
READ: Worksheet: 'CE_AE', Cell 'A5', Converting to a String
READ: Worksheet: 'CE_AE', Cell 'H5', Converting to a String
READ: Worksheet: 'CE_AE', Cell 'G5', Converting to a String
READ: Worksheet: 'CE_AE', Cell 'E5', Converting to a String
READ: Worksheet: 'CE_AE', Cell 'D5', Converting to a String
READ: Worksheet: 'CE_AE', Cell 'C5', Converting to a String
READ: Worksheet: 'CE_AE', Cell 'B5', Converting to a String
READ: Worksheet: 'CE_AE', Cell 'A5', Converting to a String
READ: Worksheet: 'CE_AE', Cell 'K5', Converting to a String
READ: Worksheet: 'CE_AE', Cell 'J5', Converting to a String
READ: Worksheet: 'CE_AE', Cell 'L5', Converting to a String
READ: Worksheet: 'CE_AE', Cell 'F5', Converting to a String
READ: Worksheet: 'CE_AE', Cell 'I5', Converting to a String
READ: Worksheet: 'CE_AE', Cell 'A6', Converting to a String
READ: Worksheet: 'SUMMARY', Cell 'M3', Converting to a String
READ: Worksheet: 'SUMMARY', Cell 'N3', Converting to a String
READ: Worksheet: 'SUMMARY', Cell 'O3', Converting to a String
READ: Worksheet: 'CoverPage', Cell 'B3', Converting to a String
READ: Worksheet: 'SUMMARY', Cell 'K3', Converting to a String
READ: Worksheet: 'SUMMARY', Cell 'C3', Converting to a String
READ: Worksheet: 'SUMMARY', Cell 'D3', Converting to a String
READ: Worksheet: 'SUMMARY', Cell 'L3', Converting to a String
READ: Worksheet: 'SUMMARY', Cell 'E3', Converting to a String
READ: Worksheet: 'SUMMARY', Cell 'G3', Converting to a String
READ: Worksheet: 'SUMMARY', Cell 'F3', Converting to a String
READ: Worksheet: 'SUMMARY', Cell 'H3', Converting to a String
READ: Worksheet: 'SUMMARY', Cell 'J3', Converting to a String
READ: Worksheet: 'SUMMARY', Cell 'I3', Converting to a String
READ: Worksheet: 'CE_AT', Cell 'A2', Converting to a String
READ: Worksheet: 'CE_AT', Cell 'H2', Converting to a String
READ: Worksheet: 'CE_AT', Cell 'G2', Converting to a String
READ: Worksheet: 'CE_AT', Cell 'E2', Converting to a String
READ: Worksheet: 'CE_AT', Cell 'D2', Converting to a String
READ: Worksheet: 'CE_AT', Cell 'C2', Converting to a String
READ: Worksheet: 'CE_AT', Cell 'B2', Converting to a String
READ: Worksheet: 'CE_AT', Cell 'A2', Converting to a String
READ: Worksheet: 'CE_AT', Cell 'K2', Converting to a String
READ: Worksheet: 'CE_AT', Cell 'J2', Converting to a String
READ: Worksheet: 'CE_AT', Cell 'L2', Converting to a String
READ: Worksheet: 'CE_AT', Cell 'F2', Converting to a String
READ: Worksheet: 'CE_AT', Cell 'I2', Converting to a String
READ: Worksheet: 'CE_AT', Cell 'A3', Converting to a String
READ: Worksheet: 'CE_AT', Cell 'H3', Converting to a String
READ: Worksheet: 'CE_AT', Cell 'G3', Converting to a String
READ: Worksheet: 'CE_AT', Cell 'E3', Converting to a String
READ: Worksheet: 'CE_AT', Cell 'D3', Converting to a String
READ: Worksheet: 'CE_AT', Cell 'C3', Converting to a String
READ: Worksheet: 'CE_AT', Cell 'B3', Converting to a String
READ: Worksheet: 'CE_AT', Cell 'A3', Converting to a String
READ: Worksheet: 'CE_AT', Cell 'K3', Converting to a String
READ: Worksheet: 'CE_AT', Cell 'J3', Converting to a String
READ: Worksheet: 'CE_AT', Cell 'L3', Converting to a String
READ: Worksheet: 'CE_AT', Cell 'F3', Converting to a String
READ: Worksheet: 'CE_AT', Cell 'I3', Converting to a String
READ: Worksheet: 'CE_AT', Cell 'A4', Converting to a String
READ: Worksheet: 'CE_AT', Cell 'H4', Converting to a String
READ: Worksheet: 'CE_AT', Cell 'G4', Converting to a String
READ: Worksheet: 'CE_AT', Cell 'E4', Converting to a String
READ: Worksheet: 'CE_AT', Cell 'D4', Converting to a String
READ: Worksheet: 'CE_AT', Cell 'C4', Converting to a String
READ: Worksheet: 'CE_AT', Cell 'B4', Converting to a String
READ: Worksheet: 'CE_AT', Cell 'A4', Converting to a String
READ: Worksheet: 'CE_AT', Cell 'K4', Converting to a String
READ: Worksheet: 'CE_AT', Cell 'J4', Converting to a String
READ: Worksheet: 'CE_AT', Cell 'L4', Converting to a String
READ: Worksheet: 'CE_AT', Cell 'F4', Converting to a String
READ: Worksheet: 'CE_AT', Cell 'I4', Converting to a String
READ: Worksheet: 'CE_AT', Cell 'A5', Converting to a String
READ: Worksheet: 'SUMMARY', Cell 'M4', Converting to a String
READ: Worksheet: 'SUMMARY', Cell 'N4', Converting to a String
READ: Worksheet: 'SUMMARY', Cell 'O4', Converting to a String
READ: Worksheet: 'CoverPage', Cell 'B3', Converting to a String
READ: Worksheet: 'SUMMARY', Cell 'K4', Converting to a String
READ: Worksheet: 'SUMMARY', Cell 'C4', Converting to a String
READ: Worksheet: 'SUMMARY', Cell 'D4', Converting to a String
READ: Worksheet: 'SUMMARY', Cell 'L4', Converting to a String
READ: Worksheet: 'SUMMARY', Cell 'E4', Converting to a String
READ: Worksheet: 'SUMMARY', Cell 'G4', Converting to a String
READ: Worksheet: 'SUMMARY', Cell 'F4', Converting to a String
READ: Worksheet: 'SUMMARY', Cell 'H4', Converting to a String
READ: Worksheet: 'SUMMARY', Cell 'J4', Converting to a String
READ: Worksheet: 'SUMMARY', Cell 'I4', Converting to a String
READ: Worksheet: 'CE_BE', Cell 'A2', Converting to a String
READ: Worksheet: 'CE_BE', Cell 'H2', Converting to a String
READ: Worksheet: 'CE_BE', Cell 'G2', Converting to a String
READ: Worksheet: 'CE_BE', Cell 'E2', Converting to a String
READ: Worksheet: 'CE_BE', Cell 'D2', Converting to a String
READ: Worksheet: 'CE_BE', Cell 'C2', Converting to a String
READ: Worksheet: 'CE_BE', Cell 'B2', Converting to a String
READ: Worksheet: 'CE_BE', Cell 'A2', Converting to a String
READ: Worksheet: 'CE_BE', Cell 'K2', Converting to a String
READ: Worksheet: 'CE_BE', Cell 'J2', Converting to a String
READ: Worksheet: 'CE_BE', Cell 'L2', Converting to a String
READ: Worksheet: 'CE_BE', Cell 'F2', Converting to a String
READ: Worksheet: 'CE_BE', Cell 'I2', Converting to a String
READ: Worksheet: 'CE_BE', Cell 'A3', Converting to a String
READ: Worksheet: 'CE_BE', Cell 'H3', Converting to a String
READ: Worksheet: 'CE_BE', Cell 'G3', Converting to a String
READ: Worksheet: 'CE_BE', Cell 'E3', Converting to a String
READ: Worksheet: 'CE_BE', Cell 'D3', Converting to a String
READ: Worksheet: 'CE_BE', Cell 'C3', Converting to a String
READ: Worksheet: 'CE_BE', Cell 'B3', Converting to a String
READ: Worksheet: 'CE_BE', Cell 'A3', Converting to a String
READ: Worksheet: 'CE_BE', Cell 'K3', Converting to a String
READ: Worksheet: 'CE_BE', Cell 'J3', Converting to a String
READ: Worksheet: 'CE_BE', Cell 'L3', Converting to a String
READ: Worksheet: 'CE_BE', Cell 'F3', Converting to a String
READ: Worksheet: 'CE_BE', Cell 'I3', Converting to a String
READ: Worksheet: 'CE_BE', Cell 'A4', Converting to a String
READ: Worksheet: 'CE_BE', Cell 'H4', Converting to a String
READ: Worksheet: 'CE_BE', Cell 'G4', Converting to a String
READ: Worksheet: 'CE_BE', Cell 'E4', Converting to a String
READ: Worksheet: 'CE_BE', Cell 'D4', Converting to a String
READ: Worksheet: 'CE_BE', Cell 'C4', Converting to a String
READ: Worksheet: 'CE_BE', Cell 'B4', Converting to a String
READ: Worksheet: 'CE_BE', Cell 'A4', Converting to a String
READ: Worksheet: 'CE_BE', Cell 'K4', Converting to a String
READ: Worksheet: 'CE_BE', Cell 'J4', Converting to a String
READ: Worksheet: 'CE_BE', Cell 'L4', Converting to a String
READ: Worksheet: 'CE_BE', Cell 'F4', Converting to a String
READ: Worksheet: 'CE_BE', Cell 'I4', Converting to a String
READ: Worksheet: 'CE_BE', Cell 'A5', Converting to a String
READ: Worksheet: 'CE_BE', Cell 'H5', Converting to a String
READ: Worksheet: 'CE_BE', Cell 'G5', Converting to a String
READ: Worksheet: 'CE_BE', Cell 'E5', Converting to a String
READ: Worksheet: 'CE_BE', Cell 'D5', Converting to a String
READ: Worksheet: 'CE_BE', Cell 'C5', Converting to a String
READ: Worksheet: 'CE_BE', Cell 'B5', Converting to a String
READ: Worksheet: 'CE_BE', Cell 'A5', Converting to a String
READ: Worksheet: 'CE_BE', Cell 'K5', Converting to a String
READ: Worksheet: 'CE_BE', Cell 'J5', Converting to a String
READ: Worksheet: 'CE_BE', Cell 'L5', Converting to a String
READ: Worksheet: 'CE_BE', Cell 'F5', Converting to a String
READ: Worksheet: 'CE_BE', Cell 'I5', Converting to a String
READ: Worksheet: 'CE_BE', Cell 'A6', Converting to a String
READ: Worksheet: 'CE_BE', Cell 'H6', Converting to a String
READ: Worksheet: 'CE_BE', Cell 'G6', Converting to a String
READ: Worksheet: 'CE_BE', Cell 'E6', Converting to a String
READ: Worksheet: 'CE_BE', Cell 'D6', Converting to a String
READ: Worksheet: 'CE_BE', Cell 'C6', Converting to a String
READ: Worksheet: 'CE_BE', Cell 'B6', Converting to a String
READ: Worksheet: 'CE_BE', Cell 'A6', Converting to a String
READ: Worksheet: 'CE_BE', Cell 'K6', Converting to a String
READ: Worksheet: 'CE_BE', Cell 'J6', Converting to a String
READ: Worksheet: 'CE_BE', Cell 'L6', Converting to a String
READ: Worksheet: 'CE_BE', Cell 'F6', Converting to a String
READ: Worksheet: 'CE_BE', Cell 'I6', Converting to a String
READ: Worksheet: 'CE_BE', Cell 'A7', Converting to a String
READ: Worksheet: 'CE_BE', Cell 'H7', Converting to a String
READ: Worksheet: 'CE_BE', Cell 'G7', Converting to a String
READ: Worksheet: 'CE_BE', Cell 'E7', Converting to a String
READ: Worksheet: 'CE_BE', Cell 'D7', Converting to a String
READ: Worksheet: 'CE_BE', Cell 'C7', Converting to a String
READ: Worksheet: 'CE_BE', Cell 'B7', Converting to a String
READ: Worksheet: 'CE_BE', Cell 'A7', Converting to a String
READ: Worksheet: 'CE_BE', Cell 'K7', Converting to a String
READ: Worksheet: 'CE_BE', Cell 'J7', Converting to a String
READ: Worksheet: 'CE_BE', Cell 'L7', Converting to a String
READ: Worksheet: 'CE_BE', Cell 'F7', Converting to a String
READ: Worksheet: 'CE_BE', Cell 'I7', Converting to a String
READ: Worksheet: 'CE_BE', Cell 'A8', Converting to a String
READ: Worksheet: 'CE_BE', Cell 'H8', Converting to a String
READ: Worksheet: 'CE_BE', Cell 'G8', Converting to a String
READ: Worksheet: 'CE_BE', Cell 'E8', Converting to a String
READ: Worksheet: 'CE_BE', Cell 'D8', Converting to a String
READ: Worksheet: 'CE_BE', Cell 'C8', Converting to a String
READ: Worksheet: 'CE_BE', Cell 'B8', Converting to a String
READ: Worksheet: 'CE_BE', Cell 'A8', Converting to a String
READ: Worksheet: 'CE_BE', Cell 'K8', Converting to a String
READ: Worksheet: 'CE_BE', Cell 'J8', Converting to a String
READ: Worksheet: 'CE_BE', Cell 'L8', Converting to a String
READ: Worksheet: 'CE_BE', Cell 'F8', Converting to a String
READ: Worksheet: 'CE_BE', Cell 'I8', Converting to a String
READ: Worksheet: 'CE_BE', Cell 'A9', Converting to a String
READ: Worksheet: 'SUMMARY', Cell 'M5', Converting to a String
READ: Worksheet: 'SUMMARY', Cell 'N5', Converting to a String
READ: Worksheet: 'SUMMARY', Cell 'O5', Converting to a String
READ: Worksheet: 'CoverPage', Cell 'B3', Converting to a String
READ: Worksheet: 'SUMMARY', Cell 'K5', Converting to a String
READ: Worksheet: 'SUMMARY', Cell 'C5', Converting to a String
READ: Worksheet: 'SUMMARY', Cell 'D5', Converting to a String
READ: Worksheet: 'SUMMARY', Cell 'L5', Converting to a String
READ: Worksheet: 'SUMMARY', Cell 'E5', Converting to a String
READ: Worksheet: 'SUMMARY', Cell 'G5', Converting to a String
READ: Worksheet: 'SUMMARY', Cell 'F5', Converting to a String
READ: Worksheet: 'SUMMARY', Cell 'H5', Converting to a String
READ: Worksheet: 'SUMMARY', Cell 'J5', Converting to a String
READ: Worksheet: 'SUMMARY', Cell 'I5', Converting to a String
